

================================================================
== Vitis HLS Report for 'conv2d_1'
================================================================
* Date:           Mon Feb 27 10:37:15 2023

* Version:        2022.2 (Build 3670227 on Oct 13 2022)
* Project:        cnnlite_ip
* Solution:       solution1 (Vivado IP Flow Target)
* Product family: zynq
* Target device:  xc7z020-clg400-1


================================================================
== Performance Estimates
================================================================
+ Timing: 
    * Summary: 
    +--------+----------+----------+------------+
    |  Clock |  Target  | Estimated| Uncertainty|
    +--------+----------+----------+------------+
    |ap_clk  |  10.00 ns|  8.424 ns|     2.70 ns|
    +--------+----------+----------+------------+

+ Latency: 
    * Summary: 
    +---------+---------+----------+----------+-------+-------+---------+
    |  Latency (cycles) |  Latency (absolute) |    Interval   | Pipeline|
    |   min   |   max   |    min   |    max   |  min  |  max  |   Type  |
    +---------+---------+----------+----------+-------+-------+---------+
    |    15945|    15945|  0.159 ms|  0.159 ms|  15945|  15945|       no|
    +---------+---------+----------+----------+-------+-------+---------+

    + Detail: 
        * Instance: 
        +------------------------------------------------------------------+-------------------------------------------------------+---------+---------+-----------+-----------+------+------+---------+
        |                                                                  |                                                       |  Latency (cycles) |   Latency (absolute)  |   Interval  | Pipeline|
        |                             Instance                             |                         Module                        |   min   |   max   |    min    |    max    |  min |  max |   Type  |
        +------------------------------------------------------------------+-------------------------------------------------------+---------+---------+-----------+-----------+------+------+---------+
        |grp_conv2d_1_Pipeline_VITIS_LOOP_2795_2_VITIS_LOOP_2797_3_fu_179  |conv2d_1_Pipeline_VITIS_LOOP_2795_2_VITIS_LOOP_2797_3  |     3982|     3982|  39.820 us|  39.820 us|  3982|  3982|       no|
        +------------------------------------------------------------------+-------------------------------------------------------+---------+---------+-----------+-----------+------+------+---------+

        * Loop: 
        +---------------------+---------+---------+----------+-----------+-----------+------+----------+
        |                     |  Latency (cycles) | Iteration|  Initiation Interval  | Trip |          |
        |      Loop Name      |   min   |   max   |  Latency |  achieved |   target  | Count| Pipelined|
        +---------------------+---------+---------+----------+-----------+-----------+------+----------+
        |- VITIS_LOOP_2793_1  |    15944|    15944|      3986|          -|          -|     4|        no|
        +---------------------+---------+---------+----------+-----------+-----------+------+----------+



================================================================
== Utilization Estimates
================================================================
* Summary: 
+-----------------+---------+-----+--------+-------+-----+
|       Name      | BRAM_18K| DSP |   FF   |  LUT  | URAM|
+-----------------+---------+-----+--------+-------+-----+
|DSP              |        -|    -|       -|      -|    -|
|Expression       |        -|    -|       0|    318|    -|
|FIFO             |        -|    -|       -|      -|    -|
|Instance         |        -|    -|    2421|   1932|    -|
|Memory           |       10|    -|       0|      0|    -|
|Multiplexer      |        -|    -|       -|     76|    -|
|Register         |        -|    -|     349|      -|    -|
+-----------------+---------+-----+--------+-------+-----+
|Total            |       10|    0|    2770|   2326|    0|
+-----------------+---------+-----+--------+-------+-----+
|Available        |      280|  220|  106400|  53200|    0|
+-----------------+---------+-----+--------+-------+-----+
|Utilization (%)  |        3|    0|       2|      4|    0|
+-----------------+---------+-----+--------+-------+-----+

+ Detail: 
    * Instance: 
    +------------------------------------------------------------------+-------------------------------------------------------+---------+----+------+------+-----+
    |                             Instance                             |                         Module                        | BRAM_18K| DSP|  FF  |  LUT | URAM|
    +------------------------------------------------------------------+-------------------------------------------------------+---------+----+------+------+-----+
    |grp_conv2d_1_Pipeline_VITIS_LOOP_2795_2_VITIS_LOOP_2797_3_fu_179  |conv2d_1_Pipeline_VITIS_LOOP_2795_2_VITIS_LOOP_2797_3  |        0|   0|  2421|  1932|    0|
    +------------------------------------------------------------------+-------------------------------------------------------+---------+----+------+------+-----+
    |Total                                                             |                                                       |        0|   0|  2421|  1932|    0|
    +------------------------------------------------------------------+-------------------------------------------------------+---------+----+------+------+-----+

    * DSP: 
    N/A

    * Memory: 
    +-------------+--------------------------------+---------+---+----+-----+------+-----+------+-------------+
    |    Memory   |             Module             | BRAM_18K| FF| LUT| URAM| Words| Bits| Banks| W*Bits*Banks|
    +-------------+--------------------------------+---------+---+----+-----+------+-----+------+-------------+
    |weight0_0_U  |conv2d_1_weight0_0_ROM_AUTO_1R  |       10|  0|   0|    0|    36|   32|     1|         1152|
    +-------------+--------------------------------+---------+---+----+-----+------+-----+------+-------------+
    |Total        |                                |       10|  0|   0|    0|    36|   32|     1|         1152|
    +-------------+--------------------------------+---------+---+----+-----+------+-----+------+-------------+

    * FIFO: 
    N/A

    * Expression: 
    +--------------------------+----------+----+---+----+------------+------------+
    |       Variable Name      | Operation| DSP| FF| LUT| Bitwidth P0| Bitwidth P1|
    +--------------------------+----------+----+---+----+------------+------------+
    |add_ln2793_fu_221_p2      |         +|   0|  0|  11|           3|           1|
    |add_ln2817_1_fu_388_p2    |         +|   0|  0|  14|           6|           2|
    |add_ln2817_2_fu_344_p2    |         +|   0|  0|  14|           6|           1|
    |add_ln2817_3_fu_378_p2    |         +|   0|  0|  14|           6|           2|
    |add_ln2817_4_fu_368_p2    |         +|   0|  0|  14|           6|           1|
    |add_ln2817_5_fu_358_p2    |         +|   0|  0|  14|           6|           2|
    |add_ln2817_fu_398_p2      |         +|   0|  0|  14|           6|           1|
    |empty_77_fu_275_p2        |         +|   0|  0|  13|           5|           1|
    |empty_80_fu_303_p2        |         +|   0|  0|  13|           5|           2|
    |empty_72_fu_422_p2        |         -|   0|  0|  15|           8|           8|
    |empty_74_fu_247_p2        |         -|   0|  0|  13|           5|           5|
    |empty_76_fu_269_p2        |         -|   0|  0|  14|           6|           6|
    |empty_79_fu_297_p2        |         -|   0|  0|  14|           6|           6|
    |empty_82_fu_325_p2        |         -|   0|  0|  14|           6|           6|
    |icmp_ln2793_fu_215_p2     |      icmp|   0|  0|   9|           3|           4|
    |icmp_ln9_1_fu_442_p2      |      icmp|   0|  0|   8|           2|           1|
    |icmp_ln9_2_fu_447_p2      |      icmp|   0|  0|   8|           2|           3|
    |icmp_ln9_fu_429_p2        |      icmp|   0|  0|   8|           2|           1|
    |empty_73_fu_460_p2        |        or|   0|  0|   2|           1|           1|
    |merge_i_fu_466_p3         |    select|   0|  0|  32|           1|          32|
    |select_ln9_1_i_fu_452_p3  |    select|   0|  0|  30|           1|          30|
    |select_ln9_fu_434_p3      |    select|   0|  0|  30|           1|          30|
    +--------------------------+----------+----+---+----+------------+------------+
    |Total                     |          |   0|  0| 318|          93|         146|
    +--------------------------+----------+----+---+----+------------+------------+

    * Multiplexer: 
    +---------------+----+-----------+-----+-----------+
    |      Name     | LUT| Input Size| Bits| Total Bits|
    +---------------+----+-----------+-----+-----------+
    |ap_NS_fsm      |  31|          6|    1|          6|
    |grp_fu_619_ce  |   9|          2|    1|          2|
    |grp_fu_623_ce  |   9|          2|    1|          2|
    |grp_fu_627_ce  |   9|          2|    1|          2|
    |grp_fu_631_ce  |   9|          2|    1|          2|
    |och_fu_66      |   9|          2|    3|          6|
    +---------------+----+-----------+-----+-----------+
    |Total          |  76|         16|    8|         20|
    +---------------+----+-----------+-----+-----------+

    * Register: 
    +-------------------------------------------------------------------------------+----+----+-----+-----------+
    |                                      Name                                     | FF | LUT| Bits| Const Bits|
    +-------------------------------------------------------------------------------+----+----+-----+-----------+
    |ap_CS_fsm                                                                      |   5|   0|    5|          0|
    |empty_71_reg_485                                                               |   2|   0|    2|          0|
    |empty_72_reg_564                                                               |   6|   0|    8|          2|
    |empty_76_reg_498                                                               |   6|   0|    6|          0|
    |empty_79_reg_505                                                               |   6|   0|    6|          0|
    |empty_82_reg_512                                                               |   6|   0|    6|          0|
    |grp_conv2d_1_Pipeline_VITIS_LOOP_2795_2_VITIS_LOOP_2797_3_fu_179_ap_start_reg  |   1|   0|    1|          0|
    |merge_i_reg_569                                                                |  24|   0|   32|          8|
    |och_fu_66                                                                      |   3|   0|    3|          0|
    |p_shl3_reg_493                                                                 |   2|   0|    4|          2|
    |weight0_0_load_1_reg_609                                                       |  32|   0|   32|          0|
    |weight0_0_load_2_reg_604                                                       |  32|   0|   32|          0|
    |weight0_0_load_3_reg_599                                                       |  32|   0|   32|          0|
    |weight0_0_load_4_reg_574                                                       |  32|   0|   32|          0|
    |weight0_0_load_5_reg_594                                                       |  32|   0|   32|          0|
    |weight0_0_load_6_reg_589                                                       |  32|   0|   32|          0|
    |weight0_0_load_7_reg_584                                                       |  32|   0|   32|          0|
    |weight0_0_load_8_reg_579                                                       |  32|   0|   32|          0|
    |weight0_0_load_reg_614                                                         |  32|   0|   32|          0|
    +-------------------------------------------------------------------------------+----+----+-----+-----------+
    |Total                                                                          | 349|   0|  361|         12|
    +-------------------------------------------------------------------------------+----+----+-----+-----------+



================================================================
== Interface
================================================================
* Summary: 
+---------------------+-----+-----+------------+--------------+--------------+
|      RTL Ports      | Dir | Bits|  Protocol  | Source Object|    C Type    |
+---------------------+-----+-----+------------+--------------+--------------+
|ap_clk               |   in|    1|  ap_ctrl_hs|      conv2d.1|  return value|
|ap_rst               |   in|    1|  ap_ctrl_hs|      conv2d.1|  return value|
|ap_start             |   in|    1|  ap_ctrl_hs|      conv2d.1|  return value|
|ap_done              |  out|    1|  ap_ctrl_hs|      conv2d.1|  return value|
|ap_idle              |  out|    1|  ap_ctrl_hs|      conv2d.1|  return value|
|ap_ready             |  out|    1|  ap_ctrl_hs|      conv2d.1|  return value|
|grp_fu_837_p_din0    |  out|   32|  ap_ctrl_hs|      conv2d.1|  return value|
|grp_fu_837_p_din1    |  out|   32|  ap_ctrl_hs|      conv2d.1|  return value|
|grp_fu_837_p_opcode  |  out|    2|  ap_ctrl_hs|      conv2d.1|  return value|
|grp_fu_837_p_dout0   |   in|   32|  ap_ctrl_hs|      conv2d.1|  return value|
|grp_fu_837_p_ce      |  out|    1|  ap_ctrl_hs|      conv2d.1|  return value|
|grp_fu_841_p_din0    |  out|   32|  ap_ctrl_hs|      conv2d.1|  return value|
|grp_fu_841_p_din1    |  out|   32|  ap_ctrl_hs|      conv2d.1|  return value|
|grp_fu_841_p_opcode  |  out|    2|  ap_ctrl_hs|      conv2d.1|  return value|
|grp_fu_841_p_dout0   |   in|   32|  ap_ctrl_hs|      conv2d.1|  return value|
|grp_fu_841_p_ce      |  out|    1|  ap_ctrl_hs|      conv2d.1|  return value|
|grp_fu_845_p_din0    |  out|   32|  ap_ctrl_hs|      conv2d.1|  return value|
|grp_fu_845_p_din1    |  out|   32|  ap_ctrl_hs|      conv2d.1|  return value|
|grp_fu_845_p_dout0   |   in|   32|  ap_ctrl_hs|      conv2d.1|  return value|
|grp_fu_845_p_ce      |  out|    1|  ap_ctrl_hs|      conv2d.1|  return value|
|grp_fu_849_p_din0    |  out|   32|  ap_ctrl_hs|      conv2d.1|  return value|
|grp_fu_849_p_din1    |  out|   32|  ap_ctrl_hs|      conv2d.1|  return value|
|grp_fu_849_p_dout0   |   in|   32|  ap_ctrl_hs|      conv2d.1|  return value|
|grp_fu_849_p_ce      |  out|    1|  ap_ctrl_hs|      conv2d.1|  return value|
|x_address0           |  out|   10|   ap_memory|             x|         array|
|x_ce0                |  out|    1|   ap_memory|             x|         array|
|x_q0                 |   in|   32|   ap_memory|             x|         array|
|x_address1           |  out|   10|   ap_memory|             x|         array|
|x_ce1                |  out|    1|   ap_memory|             x|         array|
|x_q1                 |   in|   32|   ap_memory|             x|         array|
|y_address0           |  out|   12|   ap_memory|             y|         array|
|y_ce0                |  out|    1|   ap_memory|             y|         array|
|y_we0                |  out|    1|   ap_memory|             y|         array|
|y_d0                 |  out|   32|   ap_memory|             y|         array|
+---------------------+-----+-----+------------+--------------+--------------+

