

================================================================
== Vitis HLS Report for 'conv2d'
================================================================
* Date:           Mon Feb 27 10:37:17 2023

* Version:        2022.2 (Build 3670227 on Oct 13 2022)
* Project:        cnnlite_ip
* Solution:       solution1 (Vivado IP Flow Target)
* Product family: zynq
* Target device:  xc7z020-clg400-1


================================================================
== Performance Estimates
================================================================
+ Timing: 
    * Summary: 
    +--------+----------+----------+------------+
    |  Clock |  Target  | Estimated| Uncertainty|
    +--------+----------+----------+------------+
    |ap_clk  |  10.00 ns|  7.256 ns|     2.70 ns|
    +--------+----------+----------+------------+

+ Latency: 
    * Summary: 
    +---------+---------+-----------+-----------+------+------+---------+
    |  Latency (cycles) |   Latency (absolute)  |   Interval  | Pipeline|
    |   min   |   max   |    min    |    max    |  min |  max |   Type  |
    +---------+---------+-----------+-----------+------+------+---------+
    |     4931|     4931|  49.310 us|  49.310 us|  4931|  4931|       no|
    +---------+---------+-----------+-----------+------+------+---------+

    + Detail: 
        * Instance: 
        N/A

        * Loop: 
        +---------------------------------------------------------+---------+---------+----------+-----------+-----------+------+----------+
        |                                                         |  Latency (cycles) | Iteration|  Initiation Interval  | Trip |          |
        |                        Loop Name                        |   min   |   max   |  Latency |  achieved |   target  | Count| Pipelined|
        +---------------------------------------------------------+---------+---------+----------+-----------+-----------+------+----------+
        |- VITIS_LOOP_2793_1_VITIS_LOOP_2795_2_VITIS_LOOP_2797_3  |     4929|     4929|       229|          3|          1|  1568|       yes|
        +---------------------------------------------------------+---------+---------+----------+-----------+-----------+------+----------+



================================================================
== Utilization Estimates
================================================================
* Summary: 
+-----------------+---------+-----+--------+-------+-----+
|       Name      | BRAM_18K| DSP |   FF   |  LUT  | URAM|
+-----------------+---------+-----+--------+-------+-----+
|DSP              |        -|    -|       -|      -|    -|
|Expression       |        -|    -|       0|   3800|    -|
|FIFO             |        -|    -|       -|      -|    -|
|Instance         |        -|    -|       -|      -|    -|
|Memory           |       12|    -|      32|      4|    -|
|Multiplexer      |        -|    -|       -|   2277|    -|
|Register         |        -|    -|    9574|   1664|    -|
+-----------------+---------+-----+--------+-------+-----+
|Total            |       12|    0|    9606|   7745|    0|
+-----------------+---------+-----+--------+-------+-----+
|Available        |      280|  220|  106400|  53200|    0|
+-----------------+---------+-----+--------+-------+-----+
|Utilization (%)  |        4|    0|       9|     14|    0|
+-----------------+---------+-----+--------+-------+-----+

+ Detail: 
    * Instance: 
    N/A

    * DSP: 
    N/A

    * Memory: 
    +-----------+----------------------------+---------+----+----+-----+------+-----+------+-------------+
    |   Memory  |           Module           | BRAM_18K| FF | LUT| URAM| Words| Bits| Banks| W*Bits*Banks|
    +-----------+----------------------------+---------+----+----+-----+------+-----+------+-------------+
    |bias1_U    |conv2d_bias1_ROM_AUTO_1R    |        0|  32|   4|    0|     8|   32|     1|          256|
    |weight1_U  |conv2d_weight1_ROM_AUTO_1R  |       12|   0|   0|    0|   288|   32|     1|         9216|
    +-----------+----------------------------+---------+----+----+-----+------+-----+------+-------------+
    |Total      |                            |       12|  32|   4|    0|   296|   64|     2|         9472|
    +-----------+----------------------------+---------+----+----+-----+------+-----+------+-------------+

    * FIFO: 
    N/A

    * Expression: 
    +-----------------------------+----------+----+---+----+------------+------------+
    |        Variable Name        | Operation| DSP| FF| LUT| Bitwidth P0| Bitwidth P1|
    +-----------------------------+----------+----+---+----+------------+------------+
    |add_ln2793_10_fu_3703_p2     |         +|   0|  0|  14|           9|           2|
    |add_ln2793_11_fu_3147_p2     |         +|   0|  0|  14|           9|           2|
    |add_ln2793_12_fu_3161_p2     |         +|   0|  0|  14|           9|           2|
    |add_ln2793_13_fu_3185_p2     |         +|   0|  0|  14|           9|           2|
    |add_ln2793_14_fu_3195_p2     |         +|   0|  0|  14|           9|           1|
    |add_ln2793_15_fu_3209_p2     |         +|   0|  0|  14|           9|           2|
    |add_ln2793_16_fu_2244_p2     |         +|   0|  0|  14|           9|           2|
    |add_ln2793_17_fu_2254_p2     |         +|   0|  0|  14|           9|           1|
    |add_ln2793_18_fu_2268_p2     |         +|   0|  0|  14|           9|           2|
    |add_ln2793_19_fu_2292_p2     |         +|   0|  0|  14|           9|           2|
    |add_ln2793_1_fu_2040_p2      |         +|   0|  0|  14|           9|           1|
    |add_ln2793_20_fu_2991_p2     |         +|   0|  0|  12|          11|           1|
    |add_ln2793_2_fu_3001_p2      |         +|   0|  0|  14|           9|           1|
    |add_ln2793_3_fu_3011_p2      |         +|   0|  0|  14|           9|           1|
    |add_ln2793_4_fu_3631_p2      |         +|   0|  0|  14|           9|           1|
    |add_ln2793_5_fu_3641_p2      |         +|   0|  0|  14|           9|           2|
    |add_ln2793_6_fu_3651_p2      |         +|   0|  0|  14|           9|           1|
    |add_ln2793_7_fu_3665_p2      |         +|   0|  0|  14|           9|           2|
    |add_ln2793_8_fu_3679_p2      |         +|   0|  0|  14|           9|           2|
    |add_ln2793_9_fu_3689_p2      |         +|   0|  0|  14|           9|           1|
    |add_ln2793_fu_1298_p2        |         +|   0|  0|  13|           4|           1|
    |add_ln2795_fu_3537_p2        |         +|   0|  0|  15|           8|           1|
    |add_ln2808_2_fu_2667_p2      |         +|   0|  0|  13|           4|           1|
    |add_ln2808_fu_2643_p2        |         +|   0|  0|  13|           5|           2|
    |add_ln2819_10_fu_3465_p2     |         +|   0|  0|  14|           9|           9|
    |add_ln2819_11_fu_3474_p2     |         +|   0|  0|  14|           9|           9|
    |add_ln2819_12_fu_3483_p2     |         +|   0|  0|  14|           9|           9|
    |add_ln2819_13_fu_3492_p2     |         +|   0|  0|  14|           9|           9|
    |add_ln2819_14_fu_3501_p2     |         +|   0|  0|  14|           9|           9|
    |add_ln2819_15_fu_3510_p2     |         +|   0|  0|  14|           9|           9|
    |add_ln2819_16_fu_3519_p2     |         +|   0|  0|  14|           9|           9|
    |add_ln2819_17_fu_3528_p2     |         +|   0|  0|  14|           9|           9|
    |add_ln2819_18_fu_3830_p2     |         +|   0|  0|  13|          10|          10|
    |add_ln2819_19_fu_3840_p2     |         +|   0|  0|  13|          10|          10|
    |add_ln2819_1_fu_3424_p2      |         +|   0|  0|  14|           9|           9|
    |add_ln2819_20_fu_3850_p2     |         +|   0|  0|  13|          10|          10|
    |add_ln2819_21_fu_3860_p2     |         +|   0|  0|  13|          10|          10|
    |add_ln2819_22_fu_3870_p2     |         +|   0|  0|  13|          10|          10|
    |add_ln2819_23_fu_3880_p2     |         +|   0|  0|  13|          10|          10|
    |add_ln2819_24_fu_3890_p2     |         +|   0|  0|  13|          10|          10|
    |add_ln2819_25_fu_3900_p2     |         +|   0|  0|  13|          10|          10|
    |add_ln2819_26_fu_3910_p2     |         +|   0|  0|  13|          10|          10|
    |add_ln2819_27_fu_3920_p2     |         +|   0|  0|  13|          10|          10|
    |add_ln2819_28_fu_3930_p2     |         +|   0|  0|  13|          10|          10|
    |add_ln2819_29_fu_3940_p2     |         +|   0|  0|  13|          10|          10|
    |add_ln2819_2_fu_3438_p2      |         +|   0|  0|  14|           9|           9|
    |add_ln2819_30_fu_3950_p2     |         +|   0|  0|  13|          10|          10|
    |add_ln2819_31_fu_3959_p2     |         +|   0|  0|  13|          10|          10|
    |add_ln2819_32_fu_3968_p2     |         +|   0|  0|  13|          10|          10|
    |add_ln2819_33_fu_3977_p2     |         +|   0|  0|  13|          10|          10|
    |add_ln2819_34_fu_3986_p2     |         +|   0|  0|  13|          10|          10|
    |add_ln2819_35_fu_3995_p2     |         +|   0|  0|  13|          10|          10|
    |add_ln2819_3_fu_2684_p2      |         +|   0|  0|  14|           9|           9|
    |add_ln2819_4_fu_2694_p2      |         +|   0|  0|  14|           9|           9|
    |add_ln2819_5_fu_2704_p2      |         +|   0|  0|  14|           9|           9|
    |add_ln2819_6_fu_2714_p2      |         +|   0|  0|  14|           9|           9|
    |add_ln2819_7_fu_2724_p2      |         +|   0|  0|  14|           9|           9|
    |add_ln2819_8_fu_2734_p2      |         +|   0|  0|  14|           9|           9|
    |add_ln2819_9_fu_3456_p2      |         +|   0|  0|  14|           9|           9|
    |add_ln2819_fu_3415_p2        |         +|   0|  0|  14|           9|           9|
    |add_ln2827_fu_2744_p2        |         +|   0|  0|  12|          11|          11|
    |empty_101_fu_1709_p2         |         +|   0|  0|  15|           8|           2|
    |empty_111_fu_1813_p2         |         +|   0|  0|  15|           8|           2|
    |empty_118_fu_2804_p2         |         +|   0|  0|  15|           8|           1|
    |empty_121_fu_2832_p2         |         +|   0|  0|  15|           8|           2|
    |empty_124_fu_1847_p2         |         +|   0|  0|  15|           8|           8|
    |empty_127_fu_1883_p2         |         +|   0|  0|  13|           5|           2|
    |empty_130_fu_1244_p2         |         +|   0|  0|  13|           4|           1|
    |empty_132_fu_1915_p2         |         +|   0|  0|  13|           5|           4|
    |empty_134_fu_1947_p2         |         +|   0|  0|  13|           5|           4|
    |empty_136_fu_1979_p2         |         +|   0|  0|  13|           5|           4|
    |empty_138_fu_2863_p2         |         +|   0|  0|  14|           6|           5|
    |empty_140_fu_2895_p2         |         +|   0|  0|  14|           6|           5|
    |empty_142_fu_2927_p2         |         +|   0|  0|  14|           6|           5|
    |empty_144_fu_2959_p2         |         +|   0|  0|  14|           6|           6|
    |empty_146_fu_3569_p2         |         +|   0|  0|  14|           6|           6|
    |empty_148_fu_3600_p2         |         +|   0|  0|  14|           6|           6|
    |empty_98_fu_1682_p2          |         +|   0|  0|  15|           8|           1|
    |p_dup7_fu_1552_p2            |         +|   0|  0|  13|           4|           1|
    |p_mid1172_fu_2050_p2         |         +|   0|  0|  15|           8|           1|
    |p_mid1176_fu_2084_p2         |         +|   0|  0|  15|           8|           2|
    |p_mid1190_fu_2195_p2         |         +|   0|  0|  15|           8|           2|
    |p_mid1200_fu_3070_p2         |         +|   0|  0|  15|           8|           1|
    |p_mid1204_fu_3105_p2         |         +|   0|  0|  15|           8|           2|
    |p_mid129_fu_2456_p2          |         +|   0|  0|  13|           5|           2|
    |p_mid137_fu_1610_p2          |         +|   0|  0|  13|           4|           2|
    |p_mid141_fu_2502_p2          |         +|   0|  0|  13|           5|           4|
    |p_mid145_fu_2541_p2          |         +|   0|  0|  13|           5|           4|
    |p_mid149_fu_2580_p2          |         +|   0|  0|  13|           5|           4|
    |p_mid153_fu_3254_p2          |         +|   0|  0|  14|           6|           5|
    |p_mid157_fu_3293_p2          |         +|   0|  0|  14|           6|           5|
    |p_mid161_fu_3332_p2          |         +|   0|  0|  14|           6|           5|
    |p_mid165_fu_3371_p2          |         +|   0|  0|  14|           6|           6|
    |p_mid169_fu_3741_p2          |         +|   0|  0|  14|           6|           6|
    |p_mid173_fu_3779_p2          |         +|   0|  0|  14|           6|           6|
    |p_mid1_fu_2413_p2            |         +|   0|  0|  15|           8|           8|
    |empty_100_fu_1703_p2         |         -|   0|  0|  14|           9|           9|
    |empty_103_fu_1730_p2         |         -|   0|  0|  14|           9|           9|
    |empty_105_fu_1757_p2         |         -|   0|  0|  15|           8|           8|
    |empty_107_fu_1779_p2         |         -|   0|  0|  14|           9|           9|
    |empty_110_fu_1807_p2         |         -|   0|  0|  14|           9|           9|
    |empty_113_fu_1835_p2         |         -|   0|  0|  14|           9|           9|
    |empty_115_fu_2776_p2         |         -|   0|  0|  15|           8|           8|
    |empty_117_fu_2798_p2         |         -|   0|  0|  14|           9|           9|
    |empty_120_fu_2826_p2         |         -|   0|  0|  14|           9|           9|
    |empty_123_fu_2854_p2         |         -|   0|  0|  14|           9|           9|
    |empty_126_fu_1877_p2         |         -|   0|  0|  12|          11|          11|
    |empty_128_fu_1909_p2         |         -|   0|  0|  14|           9|           9|
    |empty_129_fu_1238_p2         |         -|   0|  0|  14|           9|           9|
    |empty_131_fu_1280_p2         |         -|   0|  0|  14|           9|           9|
    |empty_133_fu_1941_p2         |         -|   0|  0|  14|           9|           9|
    |empty_135_fu_1973_p2         |         -|   0|  0|  14|           9|           9|
    |empty_137_fu_2005_p2         |         -|   0|  0|  14|           9|           9|
    |empty_139_fu_2889_p2         |         -|   0|  0|  13|          10|          10|
    |empty_141_fu_2921_p2         |         -|   0|  0|  13|          10|          10|
    |empty_143_fu_2953_p2         |         -|   0|  0|  13|          10|          10|
    |empty_145_fu_2985_p2         |         -|   0|  0|  13|          10|          10|
    |empty_147_fu_3594_p2         |         -|   0|  0|  13|          10|          10|
    |empty_149_fu_3625_p2         |         -|   0|  0|  13|          10|          10|
    |empty_84_fu_1677_p2          |         -|   0|  0|  15|           8|           8|
    |empty_85_fu_1080_p2          |         -|   0|  0|  15|           8|           8|
    |empty_87_fu_1102_p2          |         -|   0|  0|  14|           9|           9|
    |empty_90_fu_1130_p2          |         -|   0|  0|  14|           9|           9|
    |empty_93_fu_1158_p2          |         -|   0|  0|  14|           9|           9|
    |empty_95_fu_1186_p2          |         -|   0|  0|  15|           8|           8|
    |empty_97_fu_1208_p2          |         -|   0|  0|  14|           9|           9|
    |p_mid1152_fu_2028_p2         |         -|   0|  0|  15|           8|           8|
    |p_mid1154_fu_1346_p2         |         -|   0|  0|  15|           8|           8|
    |p_mid1156_fu_1368_p2         |         -|   0|  0|  14|           9|           9|
    |p_mid1160_fu_1396_p2         |         -|   0|  0|  14|           9|           9|
    |p_mid1164_fu_1432_p2         |         -|   0|  0|  14|           9|           9|
    |p_mid1168_fu_1460_p2         |         -|   0|  0|  15|           8|           8|
    |p_mid1170_fu_1482_p2         |         -|   0|  0|  14|           9|           9|
    |p_mid1174_fu_2071_p2         |         -|   0|  0|  14|           9|           9|
    |p_mid1178_fu_2105_p2         |         -|   0|  0|  14|           9|           9|
    |p_mid1182_fu_2132_p2         |         -|   0|  0|  15|           8|           8|
    |p_mid1184_fu_2154_p2         |         -|   0|  0|  14|           9|           9|
    |p_mid1188_fu_2182_p2         |         -|   0|  0|  14|           9|           9|
    |p_mid1192_fu_2217_p2         |         -|   0|  0|  14|           9|           9|
    |p_mid1196_fu_3042_p2         |         -|   0|  0|  15|           8|           8|
    |p_mid1198_fu_3064_p2         |         -|   0|  0|  14|           9|           9|
    |p_mid1202_fu_3092_p2         |         -|   0|  0|  14|           9|           9|
    |p_mid1206_fu_3127_p2         |         -|   0|  0|  14|           9|           9|
    |p_mid1226_fu_2354_p2         |         -|   0|  0|  12|          11|          11|
    |p_mid127_fu_2443_p2          |         -|   0|  0|  12|          11|          11|
    |p_mid133_fu_2489_p2          |         -|   0|  0|  14|           9|           9|
    |p_mid135_fu_1596_p2          |         -|   0|  0|  14|           9|           9|
    |p_mid139_fu_1654_p2          |         -|   0|  0|  14|           9|           9|
    |p_mid143_fu_2528_p2          |         -|   0|  0|  14|           9|           9|
    |p_mid147_fu_2567_p2          |         -|   0|  0|  14|           9|           9|
    |p_mid151_fu_2606_p2          |         -|   0|  0|  14|           9|           9|
    |p_mid155_fu_3280_p2          |         -|   0|  0|  13|          10|          10|
    |p_mid159_fu_3319_p2          |         -|   0|  0|  13|          10|          10|
    |p_mid163_fu_3358_p2          |         -|   0|  0|  13|          10|          10|
    |p_mid167_fu_3397_p2          |         -|   0|  0|  13|          10|          10|
    |p_mid171_fu_3766_p2          |         -|   0|  0|  13|          10|          10|
    |p_mid175_fu_3804_p2          |         -|   0|  0|  13|          10|          10|
    |and_ln2793_1_fu_1546_p2      |       and|   0|  0|   2|           1|           1|
    |and_ln2793_fu_1526_p2        |       and|   0|  0|   2|           1|           1|
    |cmp25_0_2_fu_1250_p2         |      icmp|   0|  0|   9|           4|           3|
    |cmp25_0_2_mid1_fu_1616_p2    |      icmp|   0|  0|   9|           4|           3|
    |icmp_ln2793_fu_1286_p2       |      icmp|   0|  0|  11|          11|          10|
    |icmp_ln2795_fu_1304_p2       |      icmp|   0|  0|  11|           8|           7|
    |icmp_ln2797_fu_1540_p2       |      icmp|   0|  0|   9|           4|           3|
    |icmp_ln2811_fu_3433_p2       |      icmp|   0|  0|   9|           4|           3|
    |empty_104_fu_1736_p2         |        or|   0|  0|   5|           5|           2|
    |empty_108_fu_1785_p2         |        or|   0|  0|   8|           8|           1|
    |empty_114_fu_2755_p2         |        or|   0|  0|   5|           5|           2|
    |empty_88_fu_1108_p2          |        or|   0|  0|   8|           8|           1|
    |empty_91_fu_1136_p2          |        or|   0|  0|   8|           8|           2|
    |empty_94_fu_1164_p2          |        or|   0|  0|   5|           5|           1|
    |or_ln2793_1_fu_3171_p2       |        or|   0|  0|   9|           9|           1|
    |or_ln2793_2_fu_2278_p2       |        or|   0|  0|   9|           9|           1|
    |or_ln2793_3_fu_2306_p2       |        or|   0|  0|   9|           9|           2|
    |or_ln2793_4_fu_2316_p2       |        or|   0|  0|   9|           9|           1|
    |or_ln2793_5_fu_2402_p2       |        or|   0|  0|   2|           1|           1|
    |or_ln2793_fu_3713_p2         |        or|   0|  0|   9|           9|           1|
    |or_ln2795_fu_1558_p2         |        or|   0|  0|   2|           1|           1|
    |or_ln2811_4_fu_3826_p2       |        or|   0|  0|   2|           1|           1|
    |or_ln2811_5_fu_3447_p2       |        or|   0|  0|   2|           1|           1|
    |or_ln2811_6_fu_3451_p2       |        or|   0|  0|   2|           1|           1|
    |or_ln2811_fu_2653_p2         |        or|   0|  0|   5|           5|           5|
    |p_mid1158_fu_1374_p2         |        or|   0|  0|   8|           8|           1|
    |p_mid1162_fu_1410_p2         |        or|   0|  0|   8|           8|           2|
    |p_mid1166_fu_1438_p2         |        or|   0|  0|   5|           5|           1|
    |p_mid1180_fu_2111_p2         |        or|   0|  0|   5|           5|           2|
    |p_mid1186_fu_2160_p2         |        or|   0|  0|   8|           8|           1|
    |p_mid1194_fu_3021_p2         |        or|   0|  0|   5|           5|           2|
    |select_ln2793_10_fu_2230_p3  |    select|   0|  0|   9|           1|           9|
    |select_ln2793_11_fu_2237_p3  |    select|   0|  0|   9|           1|           9|
    |select_ln2793_12_fu_1488_p3  |    select|   0|  0|   9|           1|           9|
    |select_ln2793_13_fu_1496_p3  |    select|   0|  0|   9|           1|           9|
    |select_ln2793_14_fu_1504_p3  |    select|   0|  0|   9|           1|           9|
    |select_ln2793_15_fu_2360_p3  |    select|   0|  0|  11|           1|          11|
    |select_ln2793_16_fu_2367_p3  |    select|   0|  0|   6|           1|           6|
    |select_ln2793_17_fu_2374_p3  |    select|   0|  0|   9|           1|           5|
    |select_ln2793_18_fu_1512_p3  |    select|   0|  0|   9|           1|           1|
    |select_ln2793_19_fu_1532_p3  |    select|   0|  0|   9|           1|           4|
    |select_ln2793_1_fu_2033_p3   |    select|   0|  0|   8|           1|           8|
    |select_ln2793_20_fu_2381_p3  |    select|   0|  0|   9|           1|           8|
    |select_ln2793_21_fu_2388_p3  |    select|   0|  0|   9|           1|           8|
    |select_ln2793_22_fu_2395_p3  |    select|   0|  0|   9|           1|           8|
    |select_ln2793_23_fu_3223_p3  |    select|   0|  0|  10|           1|           9|
    |select_ln2793_24_fu_3230_p3  |    select|   0|  0|  10|           1|           9|
    |select_ln2793_25_fu_3237_p3  |    select|   0|  0|  10|           1|           9|
    |select_ln2793_26_fu_3244_p3  |    select|   0|  0|  10|           1|          10|
    |select_ln2793_27_fu_3727_p3  |    select|   0|  0|  10|           1|          10|
    |select_ln2793_28_fu_3734_p3  |    select|   0|  0|  10|           1|          10|
    |select_ln2793_2_fu_2996_p3   |    select|   0|  0|   4|           1|           4|
    |select_ln2793_3_fu_1402_p3   |    select|   0|  0|   9|           1|           9|
    |select_ln2793_4_fu_2077_p3   |    select|   0|  0|   9|           1|           9|
    |select_ln2793_5_fu_2188_p3   |    select|   0|  0|   9|           1|           9|
    |select_ln2793_6_fu_3098_p3   |    select|   0|  0|   9|           1|           9|
    |select_ln2793_7_fu_3133_p3   |    select|   0|  0|   9|           1|           9|
    |select_ln2793_8_fu_3140_p3   |    select|   0|  0|   9|           1|           9|
    |select_ln2793_9_fu_2223_p3   |    select|   0|  0|   9|           1|           9|
    |select_ln2793_fu_1310_p3     |    select|   0|  0|   4|           1|           1|
    |select_ln2795_10_fu_2462_p3  |    select|   0|  0|   5|           1|           5|
    |select_ln2795_11_fu_2495_p3  |    select|   0|  0|   9|           1|           9|
    |select_ln2795_12_fu_1602_p3  |    select|   0|  0|   9|           1|           9|
    |select_ln2795_13_fu_1622_p3  |    select|   0|  0|   2|           1|           1|
    |select_ln2795_14_fu_1660_p3  |    select|   0|  0|   9|           1|           9|
    |select_ln2795_15_fu_2534_p3  |    select|   0|  0|   9|           1|           9|
    |select_ln2795_16_fu_2573_p3  |    select|   0|  0|   9|           1|           9|
    |select_ln2795_17_fu_2612_p3  |    select|   0|  0|   9|           1|           9|
    |select_ln2795_18_fu_3286_p3  |    select|   0|  0|  10|           1|          10|
    |select_ln2795_19_fu_3325_p3  |    select|   0|  0|  10|           1|          10|
    |select_ln2795_20_fu_3364_p3  |    select|   0|  0|  10|           1|          10|
    |select_ln2795_21_fu_3403_p3  |    select|   0|  0|  10|           1|          10|
    |select_ln2795_22_fu_3772_p3  |    select|   0|  0|  10|           1|          10|
    |select_ln2795_23_fu_3810_p3  |    select|   0|  0|  10|           1|          10|
    |select_ln2795_24_fu_2627_p3  |    select|   0|  0|   2|           1|           1|
    |select_ln2795_25_fu_3410_p3  |    select|   0|  0|   4|           1|           4|
    |select_ln2795_26_fu_3542_p3  |    select|   0|  0|   8|           1|           1|
    |select_ln2795_9_fu_2449_p3   |    select|   0|  0|  11|           1|          11|
    |select_ln2795_fu_1564_p3     |    select|   0|  0|   4|           1|           1|
    |select_ln2811_10_fu_4029_p3  |    select|   0|  0|  32|           1|          32|
    |select_ln2811_11_fu_4035_p3  |    select|   0|  0|  32|           1|          32|
    |select_ln2811_12_fu_4047_p3  |    select|   0|  0|  32|           1|          32|
    |select_ln2811_13_fu_4053_p3  |    select|   0|  0|  32|           1|          32|
    |select_ln2811_14_fu_4059_p3  |    select|   0|  0|  32|           1|          32|
    |select_ln2811_15_fu_4065_p3  |    select|   0|  0|  32|           1|          32|
    |select_ln2811_16_fu_4071_p3  |    select|   0|  0|  32|           1|          32|
    |select_ln2811_17_fu_4077_p3  |    select|   0|  0|  32|           1|          32|
    |select_ln2811_18_fu_4083_p3  |    select|   0|  0|  32|           1|          32|
    |select_ln2811_19_fu_4095_p3  |    select|   0|  0|  32|           1|          32|
    |select_ln2811_20_fu_4101_p3  |    select|   0|  0|  32|           1|          32|
    |select_ln2811_21_fu_4107_p3  |    select|   0|  0|  32|           1|          32|
    |select_ln2811_22_fu_4113_p3  |    select|   0|  0|  32|           1|          32|
    |select_ln2811_23_fu_4119_p3  |    select|   0|  0|  32|           1|          32|
    |select_ln2811_24_fu_4125_p3  |    select|   0|  0|  32|           1|          32|
    |select_ln2811_25_fu_4131_p3  |    select|   0|  0|  32|           1|          32|
    |select_ln2811_26_fu_4143_p3  |    select|   0|  0|  32|           1|          32|
    |select_ln2811_27_fu_4148_p3  |    select|   0|  0|  32|           1|          32|
    |select_ln2811_28_fu_4154_p3  |    select|   0|  0|  32|           1|          32|
    |select_ln2811_29_fu_4160_p3  |    select|   0|  0|  32|           1|          32|
    |select_ln2811_30_fu_4166_p3  |    select|   0|  0|  32|           1|          32|
    |select_ln2811_31_fu_4172_p3  |    select|   0|  0|  32|           1|          32|
    |select_ln2811_32_fu_4178_p3  |    select|   0|  0|  32|           1|          32|
    |select_ln2811_33_fu_4194_p3  |    select|   0|  0|  32|           1|          32|
    |select_ln2811_7_fu_4011_p3   |    select|   0|  0|  32|           1|          32|
    |select_ln2811_8_fu_4017_p3   |    select|   0|  0|  32|           1|          32|
    |select_ln2811_9_fu_4023_p3   |    select|   0|  0|  32|           1|          32|
    |select_ln2811_fu_4004_p3     |    select|   0|  0|  32|           1|           1|
    |sum_3_0_2_1_fu_4041_p3       |    select|   0|  0|  32|           1|          32|
    |sum_3_1_2_1_fu_4089_p3       |    select|   0|  0|  32|           1|          32|
    |sum_3_2_2_1_fu_4137_p3       |    select|   0|  0|  32|           1|          32|
    |sum_3_3_2_1_fu_4184_p3       |    select|   0|  0|  32|           1|          32|
    |ap_enable_pp0                |       xor|   0|  0|   2|           1|           2|
    |xor_ln2793_fu_1520_p2        |       xor|   0|  0|   2|           1|           2|
    +-----------------------------+----------+----+---+----+------------+------------+
    |Total                        |          |   0|  0|3800|        1585|        2505|
    +-----------------------------+----------+----+---+----+------------+------------+

    * Multiplexer: 
    +-----------------------------------------+----+-----------+-----+-----------+
    |                   Name                  | LUT| Input Size| Bits| Total Bits|
    +-----------------------------------------+----+-----------+-----+-----------+
    |ap_NS_fsm                                |  20|          4|    1|          4|
    |ap_done_int                              |   9|          2|    1|          2|
    |ap_enable_reg_pp0_iter0                  |   9|          2|    1|          2|
    |ap_enable_reg_pp0_iter1                  |   9|          2|    1|          2|
    |ap_enable_reg_pp0_iter76                 |   9|          2|    1|          2|
    |ap_loop_exit_ready_pp0_iter10_reg        |   9|          2|    1|          2|
    |ap_loop_exit_ready_pp0_iter11_reg        |   9|          2|    1|          2|
    |ap_loop_exit_ready_pp0_iter12_reg        |   9|          2|    1|          2|
    |ap_loop_exit_ready_pp0_iter13_reg        |   9|          2|    1|          2|
    |ap_loop_exit_ready_pp0_iter14_reg        |   9|          2|    1|          2|
    |ap_loop_exit_ready_pp0_iter15_reg        |   9|          2|    1|          2|
    |ap_loop_exit_ready_pp0_iter16_reg        |   9|          2|    1|          2|
    |ap_loop_exit_ready_pp0_iter17_reg        |   9|          2|    1|          2|
    |ap_loop_exit_ready_pp0_iter18_reg        |   9|          2|    1|          2|
    |ap_loop_exit_ready_pp0_iter19_reg        |   9|          2|    1|          2|
    |ap_loop_exit_ready_pp0_iter1_reg         |   9|          2|    1|          2|
    |ap_loop_exit_ready_pp0_iter20_reg        |   9|          2|    1|          2|
    |ap_loop_exit_ready_pp0_iter21_reg        |   9|          2|    1|          2|
    |ap_loop_exit_ready_pp0_iter22_reg        |   9|          2|    1|          2|
    |ap_loop_exit_ready_pp0_iter23_reg        |   9|          2|    1|          2|
    |ap_loop_exit_ready_pp0_iter24_reg        |   9|          2|    1|          2|
    |ap_loop_exit_ready_pp0_iter25_reg        |   9|          2|    1|          2|
    |ap_loop_exit_ready_pp0_iter26_reg        |   9|          2|    1|          2|
    |ap_loop_exit_ready_pp0_iter27_reg        |   9|          2|    1|          2|
    |ap_loop_exit_ready_pp0_iter28_reg        |   9|          2|    1|          2|
    |ap_loop_exit_ready_pp0_iter29_reg        |   9|          2|    1|          2|
    |ap_loop_exit_ready_pp0_iter2_reg         |   9|          2|    1|          2|
    |ap_loop_exit_ready_pp0_iter30_reg        |   9|          2|    1|          2|
    |ap_loop_exit_ready_pp0_iter31_reg        |   9|          2|    1|          2|
    |ap_loop_exit_ready_pp0_iter32_reg        |   9|          2|    1|          2|
    |ap_loop_exit_ready_pp0_iter33_reg        |   9|          2|    1|          2|
    |ap_loop_exit_ready_pp0_iter34_reg        |   9|          2|    1|          2|
    |ap_loop_exit_ready_pp0_iter35_reg        |   9|          2|    1|          2|
    |ap_loop_exit_ready_pp0_iter36_reg        |   9|          2|    1|          2|
    |ap_loop_exit_ready_pp0_iter37_reg        |   9|          2|    1|          2|
    |ap_loop_exit_ready_pp0_iter38_reg        |   9|          2|    1|          2|
    |ap_loop_exit_ready_pp0_iter39_reg        |   9|          2|    1|          2|
    |ap_loop_exit_ready_pp0_iter3_reg         |   9|          2|    1|          2|
    |ap_loop_exit_ready_pp0_iter40_reg        |   9|          2|    1|          2|
    |ap_loop_exit_ready_pp0_iter41_reg        |   9|          2|    1|          2|
    |ap_loop_exit_ready_pp0_iter42_reg        |   9|          2|    1|          2|
    |ap_loop_exit_ready_pp0_iter43_reg        |   9|          2|    1|          2|
    |ap_loop_exit_ready_pp0_iter44_reg        |   9|          2|    1|          2|
    |ap_loop_exit_ready_pp0_iter45_reg        |   9|          2|    1|          2|
    |ap_loop_exit_ready_pp0_iter46_reg        |   9|          2|    1|          2|
    |ap_loop_exit_ready_pp0_iter47_reg        |   9|          2|    1|          2|
    |ap_loop_exit_ready_pp0_iter48_reg        |   9|          2|    1|          2|
    |ap_loop_exit_ready_pp0_iter49_reg        |   9|          2|    1|          2|
    |ap_loop_exit_ready_pp0_iter4_reg         |   9|          2|    1|          2|
    |ap_loop_exit_ready_pp0_iter50_reg        |   9|          2|    1|          2|
    |ap_loop_exit_ready_pp0_iter51_reg        |   9|          2|    1|          2|
    |ap_loop_exit_ready_pp0_iter52_reg        |   9|          2|    1|          2|
    |ap_loop_exit_ready_pp0_iter53_reg        |   9|          2|    1|          2|
    |ap_loop_exit_ready_pp0_iter54_reg        |   9|          2|    1|          2|
    |ap_loop_exit_ready_pp0_iter55_reg        |   9|          2|    1|          2|
    |ap_loop_exit_ready_pp0_iter56_reg        |   9|          2|    1|          2|
    |ap_loop_exit_ready_pp0_iter57_reg        |   9|          2|    1|          2|
    |ap_loop_exit_ready_pp0_iter58_reg        |   9|          2|    1|          2|
    |ap_loop_exit_ready_pp0_iter59_reg        |   9|          2|    1|          2|
    |ap_loop_exit_ready_pp0_iter5_reg         |   9|          2|    1|          2|
    |ap_loop_exit_ready_pp0_iter60_reg        |   9|          2|    1|          2|
    |ap_loop_exit_ready_pp0_iter61_reg        |   9|          2|    1|          2|
    |ap_loop_exit_ready_pp0_iter62_reg        |   9|          2|    1|          2|
    |ap_loop_exit_ready_pp0_iter63_reg        |   9|          2|    1|          2|
    |ap_loop_exit_ready_pp0_iter64_reg        |   9|          2|    1|          2|
    |ap_loop_exit_ready_pp0_iter65_reg        |   9|          2|    1|          2|
    |ap_loop_exit_ready_pp0_iter66_reg        |   9|          2|    1|          2|
    |ap_loop_exit_ready_pp0_iter67_reg        |   9|          2|    1|          2|
    |ap_loop_exit_ready_pp0_iter68_reg        |   9|          2|    1|          2|
    |ap_loop_exit_ready_pp0_iter69_reg        |   9|          2|    1|          2|
    |ap_loop_exit_ready_pp0_iter6_reg         |   9|          2|    1|          2|
    |ap_loop_exit_ready_pp0_iter70_reg        |   9|          2|    1|          2|
    |ap_loop_exit_ready_pp0_iter71_reg        |   9|          2|    1|          2|
    |ap_loop_exit_ready_pp0_iter72_reg        |   9|          2|    1|          2|
    |ap_loop_exit_ready_pp0_iter73_reg        |   9|          2|    1|          2|
    |ap_loop_exit_ready_pp0_iter74_reg        |   9|          2|    1|          2|
    |ap_loop_exit_ready_pp0_iter75_reg        |   9|          2|    1|          2|
    |ap_loop_exit_ready_pp0_iter7_reg         |   9|          2|    1|          2|
    |ap_loop_exit_ready_pp0_iter8_reg         |   9|          2|    1|          2|
    |ap_loop_exit_ready_pp0_iter9_reg         |   9|          2|    1|          2|
    |ap_sig_allocacmp_h_4                     |   9|          2|    4|          8|
    |ap_sig_allocacmp_indvar_flatten406_load  |   9|          2|   11|         22|
    |ap_sig_allocacmp_indvar_flatten_load     |   9|          2|    8|         16|
    |ap_sig_allocacmp_och_2                   |   9|          2|    4|          8|
    |ap_sig_allocacmp_w_load                  |   9|          2|    4|          8|
    |grp_fu_868_p0                            |  20|          4|   32|        128|
    |grp_fu_868_p1                            |  20|          4|   32|        128|
    |grp_fu_873_p0                            |  20|          4|   32|        128|
    |grp_fu_873_p1                            |  20|          4|   32|        128|
    |grp_fu_877_p0                            |  20|          4|   32|        128|
    |grp_fu_877_p1                            |  20|          4|   32|        128|
    |grp_fu_881_p0                            |  20|          4|   32|        128|
    |grp_fu_881_p1                            |  20|          4|   32|        128|
    |grp_fu_885_p0                            |  20|          4|   32|        128|
    |grp_fu_885_p1                            |  20|          4|   32|        128|
    |grp_fu_889_p0                            |  20|          4|   32|        128|
    |grp_fu_889_p1                            |  20|          4|   32|        128|
    |grp_fu_893_p0                            |  20|          4|   32|        128|
    |grp_fu_893_p1                            |  20|          4|   32|        128|
    |grp_fu_897_p0                            |  20|          4|   32|        128|
    |grp_fu_897_p1                            |  20|          4|   32|        128|
    |grp_fu_901_p0                            |  20|          4|   32|        128|
    |grp_fu_901_p1                            |  20|          4|   32|        128|
    |grp_fu_905_p0                            |  20|          4|   32|        128|
    |grp_fu_905_p1                            |  20|          4|   32|        128|
    |grp_fu_909_p0                            |  20|          4|   32|        128|
    |grp_fu_909_p1                            |  20|          4|   32|        128|
    |grp_fu_913_p0                            |  14|          3|   32|         96|
    |grp_fu_913_p1                            |  14|          3|   32|         96|
    |grp_fu_917_p0                            |  14|          3|   32|         96|
    |grp_fu_917_p1                            |  14|          3|   32|         96|
    |grp_fu_921_p0                            |  20|          4|   32|        128|
    |grp_fu_921_p1                            |  20|          4|   32|        128|
    |grp_fu_925_p0                            |  20|          4|   32|        128|
    |grp_fu_925_p1                            |  20|          4|   32|        128|
    |grp_fu_929_p0                            |  20|          4|   32|        128|
    |grp_fu_929_p1                            |  20|          4|   32|        128|
    |grp_fu_933_p0                            |  20|          4|   32|        128|
    |grp_fu_933_p1                            |  20|          4|   32|        128|
    |grp_fu_937_p0                            |  20|          4|   32|        128|
    |grp_fu_937_p1                            |  20|          4|   32|        128|
    |grp_fu_941_p0                            |  20|          4|   32|        128|
    |grp_fu_941_p1                            |  20|          4|   32|        128|
    |grp_fu_945_p0                            |  20|          4|   32|        128|
    |grp_fu_945_p1                            |  20|          4|   32|        128|
    |grp_fu_949_p0                            |  20|          4|   32|        128|
    |grp_fu_949_p1                            |  20|          4|   32|        128|
    |grp_fu_953_p0                            |  20|          4|   32|        128|
    |grp_fu_953_p1                            |  20|          4|   32|        128|
    |grp_fu_957_p0                            |  20|          4|   32|        128|
    |grp_fu_957_p1                            |  20|          4|   32|        128|
    |grp_fu_961_p0                            |  20|          4|   32|        128|
    |grp_fu_961_p1                            |  20|          4|   32|        128|
    |grp_fu_965_p0                            |  20|          4|   32|        128|
    |grp_fu_965_p1                            |  20|          4|   32|        128|
    |h_fu_152                                 |   9|          2|    4|          8|
    |indvar_flatten406_fu_164                 |   9|          2|   11|         22|
    |indvar_flatten_fu_156                    |   9|          2|    8|         16|
    |och_fu_160                               |   9|          2|    4|          8|
    |w_fu_148                                 |   9|          2|    4|          8|
    |weight1_address0                         |  20|          4|    9|         36|
    |weight1_address1                         |  20|          4|    9|         36|
    |weight1_address10                        |  20|          4|    9|         36|
    |weight1_address11                        |  20|          4|    9|         36|
    |weight1_address2                         |  20|          4|    9|         36|
    |weight1_address3                         |  20|          4|    9|         36|
    |weight1_address4                         |  20|          4|    9|         36|
    |weight1_address5                         |  20|          4|    9|         36|
    |weight1_address6                         |  20|          4|    9|         36|
    |weight1_address7                         |  20|          4|    9|         36|
    |weight1_address8                         |  20|          4|    9|         36|
    |weight1_address9                         |  20|          4|    9|         36|
    |x_address0                               |  20|          4|   10|         40|
    |x_address1                               |  20|          4|   10|         40|
    |x_address10                              |  20|          4|   10|         40|
    |x_address11                              |  20|          4|   10|         40|
    |x_address2                               |  20|          4|   10|         40|
    |x_address3                               |  20|          4|   10|         40|
    |x_address4                               |  20|          4|   10|         40|
    |x_address5                               |  20|          4|   10|         40|
    |x_address6                               |  20|          4|   10|         40|
    |x_address7                               |  20|          4|   10|         40|
    |x_address8                               |  20|          4|   10|         40|
    |x_address9                               |  20|          4|   10|         40|
    +-----------------------------------------+----+-----------+-----+-----------+
    |Total                                    |2277|        474| 1970|       7470|
    +-----------------------------------------+----+-----------+-----+-----------+

    * Register: 
    +------------------------------------------+----+----+-----+-----------+
    |                   Name                   | FF | LUT| Bits| Const Bits|
    +------------------------------------------+----+----+-----+-----------+
    |add_ln2793_reg_4283                       |   4|   0|    4|          0|
    |add_ln2808_2_reg_4587                     |   4|   0|    4|          0|
    |add_ln2808_reg_4566                       |   5|   0|    5|          0|
    |add_ln2827_reg_4640                       |  11|   0|   11|          0|
    |and_ln2793_1_reg_4367                     |   1|   0|    1|          0|
    |ap_CS_fsm                                 |   3|   0|    3|          0|
    |ap_done_reg                               |   1|   0|    1|          0|
    |ap_enable_reg_pp0_iter0_reg               |   1|   0|    1|          0|
    |ap_enable_reg_pp0_iter1                   |   1|   0|    1|          0|
    |ap_enable_reg_pp0_iter10                  |   1|   0|    1|          0|
    |ap_enable_reg_pp0_iter11                  |   1|   0|    1|          0|
    |ap_enable_reg_pp0_iter12                  |   1|   0|    1|          0|
    |ap_enable_reg_pp0_iter13                  |   1|   0|    1|          0|
    |ap_enable_reg_pp0_iter14                  |   1|   0|    1|          0|
    |ap_enable_reg_pp0_iter15                  |   1|   0|    1|          0|
    |ap_enable_reg_pp0_iter16                  |   1|   0|    1|          0|
    |ap_enable_reg_pp0_iter17                  |   1|   0|    1|          0|
    |ap_enable_reg_pp0_iter18                  |   1|   0|    1|          0|
    |ap_enable_reg_pp0_iter19                  |   1|   0|    1|          0|
    |ap_enable_reg_pp0_iter2                   |   1|   0|    1|          0|
    |ap_enable_reg_pp0_iter20                  |   1|   0|    1|          0|
    |ap_enable_reg_pp0_iter21                  |   1|   0|    1|          0|
    |ap_enable_reg_pp0_iter22                  |   1|   0|    1|          0|
    |ap_enable_reg_pp0_iter23                  |   1|   0|    1|          0|
    |ap_enable_reg_pp0_iter24                  |   1|   0|    1|          0|
    |ap_enable_reg_pp0_iter25                  |   1|   0|    1|          0|
    |ap_enable_reg_pp0_iter26                  |   1|   0|    1|          0|
    |ap_enable_reg_pp0_iter27                  |   1|   0|    1|          0|
    |ap_enable_reg_pp0_iter28                  |   1|   0|    1|          0|
    |ap_enable_reg_pp0_iter29                  |   1|   0|    1|          0|
    |ap_enable_reg_pp0_iter3                   |   1|   0|    1|          0|
    |ap_enable_reg_pp0_iter30                  |   1|   0|    1|          0|
    |ap_enable_reg_pp0_iter31                  |   1|   0|    1|          0|
    |ap_enable_reg_pp0_iter32                  |   1|   0|    1|          0|
    |ap_enable_reg_pp0_iter33                  |   1|   0|    1|          0|
    |ap_enable_reg_pp0_iter34                  |   1|   0|    1|          0|
    |ap_enable_reg_pp0_iter35                  |   1|   0|    1|          0|
    |ap_enable_reg_pp0_iter36                  |   1|   0|    1|          0|
    |ap_enable_reg_pp0_iter37                  |   1|   0|    1|          0|
    |ap_enable_reg_pp0_iter38                  |   1|   0|    1|          0|
    |ap_enable_reg_pp0_iter39                  |   1|   0|    1|          0|
    |ap_enable_reg_pp0_iter4                   |   1|   0|    1|          0|
    |ap_enable_reg_pp0_iter40                  |   1|   0|    1|          0|
    |ap_enable_reg_pp0_iter41                  |   1|   0|    1|          0|
    |ap_enable_reg_pp0_iter42                  |   1|   0|    1|          0|
    |ap_enable_reg_pp0_iter43                  |   1|   0|    1|          0|
    |ap_enable_reg_pp0_iter44                  |   1|   0|    1|          0|
    |ap_enable_reg_pp0_iter45                  |   1|   0|    1|          0|
    |ap_enable_reg_pp0_iter46                  |   1|   0|    1|          0|
    |ap_enable_reg_pp0_iter47                  |   1|   0|    1|          0|
    |ap_enable_reg_pp0_iter48                  |   1|   0|    1|          0|
    |ap_enable_reg_pp0_iter49                  |   1|   0|    1|          0|
    |ap_enable_reg_pp0_iter5                   |   1|   0|    1|          0|
    |ap_enable_reg_pp0_iter50                  |   1|   0|    1|          0|
    |ap_enable_reg_pp0_iter51                  |   1|   0|    1|          0|
    |ap_enable_reg_pp0_iter52                  |   1|   0|    1|          0|
    |ap_enable_reg_pp0_iter53                  |   1|   0|    1|          0|
    |ap_enable_reg_pp0_iter54                  |   1|   0|    1|          0|
    |ap_enable_reg_pp0_iter55                  |   1|   0|    1|          0|
    |ap_enable_reg_pp0_iter56                  |   1|   0|    1|          0|
    |ap_enable_reg_pp0_iter57                  |   1|   0|    1|          0|
    |ap_enable_reg_pp0_iter58                  |   1|   0|    1|          0|
    |ap_enable_reg_pp0_iter59                  |   1|   0|    1|          0|
    |ap_enable_reg_pp0_iter6                   |   1|   0|    1|          0|
    |ap_enable_reg_pp0_iter60                  |   1|   0|    1|          0|
    |ap_enable_reg_pp0_iter61                  |   1|   0|    1|          0|
    |ap_enable_reg_pp0_iter62                  |   1|   0|    1|          0|
    |ap_enable_reg_pp0_iter63                  |   1|   0|    1|          0|
    |ap_enable_reg_pp0_iter64                  |   1|   0|    1|          0|
    |ap_enable_reg_pp0_iter65                  |   1|   0|    1|          0|
    |ap_enable_reg_pp0_iter66                  |   1|   0|    1|          0|
    |ap_enable_reg_pp0_iter67                  |   1|   0|    1|          0|
    |ap_enable_reg_pp0_iter68                  |   1|   0|    1|          0|
    |ap_enable_reg_pp0_iter69                  |   1|   0|    1|          0|
    |ap_enable_reg_pp0_iter7                   |   1|   0|    1|          0|
    |ap_enable_reg_pp0_iter70                  |   1|   0|    1|          0|
    |ap_enable_reg_pp0_iter71                  |   1|   0|    1|          0|
    |ap_enable_reg_pp0_iter72                  |   1|   0|    1|          0|
    |ap_enable_reg_pp0_iter73                  |   1|   0|    1|          0|
    |ap_enable_reg_pp0_iter74                  |   1|   0|    1|          0|
    |ap_enable_reg_pp0_iter75                  |   1|   0|    1|          0|
    |ap_enable_reg_pp0_iter76                  |   1|   0|    1|          0|
    |ap_enable_reg_pp0_iter8                   |   1|   0|    1|          0|
    |ap_enable_reg_pp0_iter9                   |   1|   0|    1|          0|
    |ap_loop_exit_ready_pp0_iter10_reg         |   1|   0|    1|          0|
    |ap_loop_exit_ready_pp0_iter11_reg         |   1|   0|    1|          0|
    |ap_loop_exit_ready_pp0_iter12_reg         |   1|   0|    1|          0|
    |ap_loop_exit_ready_pp0_iter13_reg         |   1|   0|    1|          0|
    |ap_loop_exit_ready_pp0_iter14_reg         |   1|   0|    1|          0|
    |ap_loop_exit_ready_pp0_iter15_reg         |   1|   0|    1|          0|
    |ap_loop_exit_ready_pp0_iter16_reg         |   1|   0|    1|          0|
    |ap_loop_exit_ready_pp0_iter17_reg         |   1|   0|    1|          0|
    |ap_loop_exit_ready_pp0_iter18_reg         |   1|   0|    1|          0|
    |ap_loop_exit_ready_pp0_iter19_reg         |   1|   0|    1|          0|
    |ap_loop_exit_ready_pp0_iter1_reg          |   1|   0|    1|          0|
    |ap_loop_exit_ready_pp0_iter20_reg         |   1|   0|    1|          0|
    |ap_loop_exit_ready_pp0_iter21_reg         |   1|   0|    1|          0|
    |ap_loop_exit_ready_pp0_iter22_reg         |   1|   0|    1|          0|
    |ap_loop_exit_ready_pp0_iter23_reg         |   1|   0|    1|          0|
    |ap_loop_exit_ready_pp0_iter24_reg         |   1|   0|    1|          0|
    |ap_loop_exit_ready_pp0_iter25_reg         |   1|   0|    1|          0|
    |ap_loop_exit_ready_pp0_iter26_reg         |   1|   0|    1|          0|
    |ap_loop_exit_ready_pp0_iter27_reg         |   1|   0|    1|          0|
    |ap_loop_exit_ready_pp0_iter28_reg         |   1|   0|    1|          0|
    |ap_loop_exit_ready_pp0_iter29_reg         |   1|   0|    1|          0|
    |ap_loop_exit_ready_pp0_iter2_reg          |   1|   0|    1|          0|
    |ap_loop_exit_ready_pp0_iter30_reg         |   1|   0|    1|          0|
    |ap_loop_exit_ready_pp0_iter31_reg         |   1|   0|    1|          0|
    |ap_loop_exit_ready_pp0_iter32_reg         |   1|   0|    1|          0|
    |ap_loop_exit_ready_pp0_iter33_reg         |   1|   0|    1|          0|
    |ap_loop_exit_ready_pp0_iter34_reg         |   1|   0|    1|          0|
    |ap_loop_exit_ready_pp0_iter35_reg         |   1|   0|    1|          0|
    |ap_loop_exit_ready_pp0_iter36_reg         |   1|   0|    1|          0|
    |ap_loop_exit_ready_pp0_iter37_reg         |   1|   0|    1|          0|
    |ap_loop_exit_ready_pp0_iter38_reg         |   1|   0|    1|          0|
    |ap_loop_exit_ready_pp0_iter39_reg         |   1|   0|    1|          0|
    |ap_loop_exit_ready_pp0_iter3_reg          |   1|   0|    1|          0|
    |ap_loop_exit_ready_pp0_iter40_reg         |   1|   0|    1|          0|
    |ap_loop_exit_ready_pp0_iter41_reg         |   1|   0|    1|          0|
    |ap_loop_exit_ready_pp0_iter42_reg         |   1|   0|    1|          0|
    |ap_loop_exit_ready_pp0_iter43_reg         |   1|   0|    1|          0|
    |ap_loop_exit_ready_pp0_iter44_reg         |   1|   0|    1|          0|
    |ap_loop_exit_ready_pp0_iter45_reg         |   1|   0|    1|          0|
    |ap_loop_exit_ready_pp0_iter46_reg         |   1|   0|    1|          0|
    |ap_loop_exit_ready_pp0_iter47_reg         |   1|   0|    1|          0|
    |ap_loop_exit_ready_pp0_iter48_reg         |   1|   0|    1|          0|
    |ap_loop_exit_ready_pp0_iter49_reg         |   1|   0|    1|          0|
    |ap_loop_exit_ready_pp0_iter4_reg          |   1|   0|    1|          0|
    |ap_loop_exit_ready_pp0_iter50_reg         |   1|   0|    1|          0|
    |ap_loop_exit_ready_pp0_iter51_reg         |   1|   0|    1|          0|
    |ap_loop_exit_ready_pp0_iter52_reg         |   1|   0|    1|          0|
    |ap_loop_exit_ready_pp0_iter53_reg         |   1|   0|    1|          0|
    |ap_loop_exit_ready_pp0_iter54_reg         |   1|   0|    1|          0|
    |ap_loop_exit_ready_pp0_iter55_reg         |   1|   0|    1|          0|
    |ap_loop_exit_ready_pp0_iter56_reg         |   1|   0|    1|          0|
    |ap_loop_exit_ready_pp0_iter57_reg         |   1|   0|    1|          0|
    |ap_loop_exit_ready_pp0_iter58_reg         |   1|   0|    1|          0|
    |ap_loop_exit_ready_pp0_iter59_reg         |   1|   0|    1|          0|
    |ap_loop_exit_ready_pp0_iter5_reg          |   1|   0|    1|          0|
    |ap_loop_exit_ready_pp0_iter60_reg         |   1|   0|    1|          0|
    |ap_loop_exit_ready_pp0_iter61_reg         |   1|   0|    1|          0|
    |ap_loop_exit_ready_pp0_iter62_reg         |   1|   0|    1|          0|
    |ap_loop_exit_ready_pp0_iter63_reg         |   1|   0|    1|          0|
    |ap_loop_exit_ready_pp0_iter64_reg         |   1|   0|    1|          0|
    |ap_loop_exit_ready_pp0_iter65_reg         |   1|   0|    1|          0|
    |ap_loop_exit_ready_pp0_iter66_reg         |   1|   0|    1|          0|
    |ap_loop_exit_ready_pp0_iter67_reg         |   1|   0|    1|          0|
    |ap_loop_exit_ready_pp0_iter68_reg         |   1|   0|    1|          0|
    |ap_loop_exit_ready_pp0_iter69_reg         |   1|   0|    1|          0|
    |ap_loop_exit_ready_pp0_iter6_reg          |   1|   0|    1|          0|
    |ap_loop_exit_ready_pp0_iter70_reg         |   1|   0|    1|          0|
    |ap_loop_exit_ready_pp0_iter71_reg         |   1|   0|    1|          0|
    |ap_loop_exit_ready_pp0_iter72_reg         |   1|   0|    1|          0|
    |ap_loop_exit_ready_pp0_iter73_reg         |   1|   0|    1|          0|
    |ap_loop_exit_ready_pp0_iter74_reg         |   1|   0|    1|          0|
    |ap_loop_exit_ready_pp0_iter75_reg         |   1|   0|    1|          0|
    |ap_loop_exit_ready_pp0_iter7_reg          |   1|   0|    1|          0|
    |ap_loop_exit_ready_pp0_iter8_reg          |   1|   0|    1|          0|
    |ap_loop_exit_ready_pp0_iter9_reg          |   1|   0|    1|          0|
    |bias1_load_reg_5802                       |  32|   0|   32|          0|
    |empty_95_reg_4268                         |   6|   0|    8|          2|
    |h_4_reg_4239                              |   4|   0|    4|          0|
    |h_fu_152                                  |   4|   0|    4|          0|
    |icmp_ln2793_reg_4274                      |   1|   0|    1|          0|
    |icmp_ln2795_reg_4289                      |   1|   0|    1|          0|
    |icmp_ln2811_reg_4841                      |   1|   0|    1|          0|
    |indvar_flatten406_fu_164                  |  11|   0|   11|          0|
    |indvar_flatten406_load_reg_4252           |  11|   0|   11|          0|
    |indvar_flatten_fu_156                     |   8|   0|    8|          0|
    |indvar_flatten_load_reg_4278              |   8|   0|    8|          0|
    |mul_0_0_1_reg_5441                        |  32|   0|   32|          0|
    |mul_0_0_2_reg_5446                        |  32|   0|   32|          0|
    |mul_0_1_1_reg_5411                        |  32|   0|   32|          0|
    |mul_0_1_2_reg_5416                        |  32|   0|   32|          0|
    |mul_0_1_reg_5406                          |  32|   0|   32|          0|
    |mul_0_2_1_reg_5426                        |  32|   0|   32|          0|
    |mul_0_2_2_reg_5431                        |  32|   0|   32|          0|
    |mul_0_2_reg_5421                          |  32|   0|   32|          0|
    |mul_1_0_1_reg_5456                        |  32|   0|   32|          0|
    |mul_1_0_2_reg_5461                        |  32|   0|   32|          0|
    |mul_1_1_1_reg_5471                        |  32|   0|   32|          0|
    |mul_1_1_2_reg_5476                        |  32|   0|   32|          0|
    |mul_1_1_reg_5466                          |  32|   0|   32|          0|
    |mul_1_2_1_reg_5486                        |  32|   0|   32|          0|
    |mul_1_2_2_reg_5491                        |  32|   0|   32|          0|
    |mul_1_2_reg_5481                          |  32|   0|   32|          0|
    |mul_1_reg_5451                            |  32|   0|   32|          0|
    |mul_2_0_1_reg_5501                        |  32|   0|   32|          0|
    |mul_2_0_2_reg_5506                        |  32|   0|   32|          0|
    |mul_2_1_1_reg_5516                        |  32|   0|   32|          0|
    |mul_2_1_2_reg_5521                        |  32|   0|   32|          0|
    |mul_2_1_reg_5511                          |  32|   0|   32|          0|
    |mul_2_2_1_reg_5531                        |  32|   0|   32|          0|
    |mul_2_2_2_reg_5536                        |  32|   0|   32|          0|
    |mul_2_2_reg_5526                          |  32|   0|   32|          0|
    |mul_2_reg_5496                            |  32|   0|   32|          0|
    |mul_3_0_1_reg_5546                        |  32|   0|   32|          0|
    |mul_3_0_2_reg_5551                        |  32|   0|   32|          0|
    |mul_3_1_1_reg_5561                        |  32|   0|   32|          0|
    |mul_3_1_2_reg_5566                        |  32|   0|   32|          0|
    |mul_3_1_reg_5556                          |  32|   0|   32|          0|
    |mul_3_2_1_reg_5576                        |  32|   0|   32|          0|
    |mul_3_2_2_reg_5581                        |  32|   0|   32|          0|
    |mul_3_2_reg_5571                          |  32|   0|   32|          0|
    |mul_3_reg_5541                            |  32|   0|   32|          0|
    |mul_reg_5436                              |  32|   0|   32|          0|
    |och_2_reg_4246                            |   4|   0|    4|          0|
    |och_fu_160                                |   4|   0|    4|          0|
    |or_ln2811_4_reg_5108                      |   1|   0|    1|          0|
    |or_ln2811_5_reg_4870                      |   1|   0|    1|          0|
    |or_ln2811_6_reg_4888                      |   1|   0|    1|          0|
    |p_dup7_reg_4385                           |   4|   0|    4|          0|
    |p_mid1168_reg_4340                        |   6|   0|    8|          2|
    |p_mid_reg_4322                            |   3|   0|    5|          2|
    |p_shl_cast_mid1_reg_4328                  |   3|   0|    8|          5|
    |p_shl_cast_reg_4263                       |   3|   0|    8|          5|
    |reg_1001                                  |  32|   0|   32|          0|
    |reg_1005                                  |  32|   0|   32|          0|
    |reg_1010                                  |  32|   0|   32|          0|
    |reg_1014                                  |  32|   0|   32|          0|
    |reg_969                                   |  32|   0|   32|          0|
    |reg_973                                   |  32|   0|   32|          0|
    |reg_977                                   |  32|   0|   32|          0|
    |reg_981                                   |  32|   0|   32|          0|
    |reg_985                                   |  32|   0|   32|          0|
    |reg_989                                   |  32|   0|   32|          0|
    |reg_993                                   |  32|   0|   32|          0|
    |reg_997                                   |  32|   0|   32|          0|
    |select_ln2793_10_reg_4452                 |   7|   0|    9|          2|
    |select_ln2793_11_reg_4459                 |   7|   0|    9|          2|
    |select_ln2793_12_reg_4346                 |   7|   0|    9|          2|
    |select_ln2793_13_reg_4353                 |   7|   0|    9|          2|
    |select_ln2793_14_reg_4360                 |   7|   0|    9|          2|
    |select_ln2793_2_reg_4651                  |   4|   0|    4|          0|
    |select_ln2793_3_reg_4333                  |   7|   0|    9|          2|
    |select_ln2793_4_reg_4431                  |   7|   0|    9|          2|
    |select_ln2793_5_reg_4438                  |   7|   0|    9|          2|
    |select_ln2793_6_reg_4671                  |   7|   0|    9|          2|
    |select_ln2793_7_reg_4678                  |   7|   0|    9|          2|
    |select_ln2793_8_reg_4685                  |   7|   0|    9|          2|
    |select_ln2793_9_reg_4445                  |   7|   0|    9|          2|
    |select_ln2793_reg_4317                    |   4|   0|    4|          0|
    |select_ln2795_11_reg_4521                 |   8|   0|    9|          1|
    |select_ln2795_12_reg_4402                 |   8|   0|    9|          1|
    |select_ln2795_13_reg_4409                 |   1|   0|    1|          0|
    |select_ln2795_14_reg_4419                 |   8|   0|    9|          1|
    |select_ln2795_15_reg_4528                 |   8|   0|    9|          1|
    |select_ln2795_16_reg_4535                 |   8|   0|    9|          1|
    |select_ln2795_17_reg_4542                 |   8|   0|    9|          1|
    |select_ln2795_18_reg_4803                 |   9|   0|   10|          1|
    |select_ln2795_19_reg_4810                 |   9|   0|   10|          1|
    |select_ln2795_20_reg_4817                 |   9|   0|   10|          1|
    |select_ln2795_21_reg_4824                 |   9|   0|   10|          1|
    |select_ln2795_22_reg_5066                 |   9|   0|   10|          1|
    |select_ln2795_23_reg_5073                 |   9|   0|   10|          1|
    |select_ln2795_24_reg_4549                 |   1|   0|    1|          0|
    |select_ln2795_reg_4393                    |   4|   0|    4|          0|
    |select_ln2811_10_reg_5615                 |  32|   0|   32|          0|
    |select_ln2811_11_reg_5622                 |  32|   0|   32|          0|
    |select_ln2811_12_reg_5633                 |  32|   0|   32|          0|
    |select_ln2811_12_reg_5633_pp0_iter21_reg  |  32|   0|   32|          0|
    |select_ln2811_13_reg_5639                 |  32|   0|   32|          0|
    |select_ln2811_13_reg_5639_pp0_iter23_reg  |  32|   0|   32|          0|
    |select_ln2811_14_reg_5645                 |  32|   0|   32|          0|
    |select_ln2811_14_reg_5645_pp0_iter25_reg  |  32|   0|   32|          0|
    |select_ln2811_15_reg_5651                 |  32|   0|   32|          0|
    |select_ln2811_15_reg_5651_pp0_iter27_reg  |  32|   0|   32|          0|
    |select_ln2811_16_reg_5657                 |  32|   0|   32|          0|
    |select_ln2811_17_reg_5668                 |  32|   0|   32|          0|
    |select_ln2811_18_reg_5675                 |  32|   0|   32|          0|
    |select_ln2811_19_reg_5686                 |  32|   0|   32|          0|
    |select_ln2811_19_reg_5686_pp0_iter38_reg  |  32|   0|   32|          0|
    |select_ln2811_20_reg_5692                 |  32|   0|   32|          0|
    |select_ln2811_20_reg_5692_pp0_iter40_reg  |  32|   0|   32|          0|
    |select_ln2811_21_reg_5698                 |  32|   0|   32|          0|
    |select_ln2811_21_reg_5698_pp0_iter42_reg  |  32|   0|   32|          0|
    |select_ln2811_22_reg_5704                 |  32|   0|   32|          0|
    |select_ln2811_22_reg_5704_pp0_iter44_reg  |  32|   0|   32|          0|
    |select_ln2811_23_reg_5710                 |  32|   0|   32|          0|
    |select_ln2811_24_reg_5721                 |  32|   0|   32|          0|
    |select_ln2811_25_reg_5728                 |  32|   0|   32|          0|
    |select_ln2811_26_reg_5744                 |  32|   0|   32|          0|
    |select_ln2811_26_reg_5744_pp0_iter56_reg  |  32|   0|   32|          0|
    |select_ln2811_27_reg_5750                 |  32|   0|   32|          0|
    |select_ln2811_27_reg_5750_pp0_iter58_reg  |  32|   0|   32|          0|
    |select_ln2811_28_reg_5756                 |  32|   0|   32|          0|
    |select_ln2811_28_reg_5756_pp0_iter60_reg  |  32|   0|   32|          0|
    |select_ln2811_29_reg_5762                 |  32|   0|   32|          0|
    |select_ln2811_29_reg_5762_pp0_iter62_reg  |  32|   0|   32|          0|
    |select_ln2811_30_reg_5768                 |  32|   0|   32|          0|
    |select_ln2811_31_reg_5779                 |  32|   0|   32|          0|
    |select_ln2811_32_reg_5786                 |  32|   0|   32|          0|
    |select_ln2811_33_reg_5807                 |  32|   0|   32|          0|
    |select_ln2811_7_reg_5592                  |  32|   0|   32|          0|
    |select_ln2811_7_reg_5592_pp0_iter7_reg    |  32|   0|   32|          0|
    |select_ln2811_8_reg_5598                  |  32|   0|   32|          0|
    |select_ln2811_8_reg_5598_pp0_iter9_reg    |  32|   0|   32|          0|
    |select_ln2811_9_reg_5604                  |  32|   0|   32|          0|
    |select_ln2811_reg_5586                    |  32|   0|   32|          0|
    |select_ln2811_reg_5586_pp0_iter5_reg      |  32|   0|   32|          0|
    |sext_ln2811_1_reg_4571                    |   9|   0|    9|          0|
    |sext_ln2811_reg_5086                      |  10|   0|   10|          0|
    |sum_3_0_2_1_reg_5627                      |  32|   0|   32|          0|
    |sum_3_0_2_1_reg_5627_pp0_iter19_reg       |  32|   0|   32|          0|
    |sum_3_1_2_1_reg_5680                      |  32|   0|   32|          0|
    |sum_3_1_2_1_reg_5680_pp0_iter36_reg       |  32|   0|   32|          0|
    |sum_3_2_2_1_reg_5733                      |  32|   0|   32|          0|
    |sum_3_2_2_1_reg_5733_pp0_iter54_reg       |  32|   0|   32|          0|
    |sum_3_3_2_1_reg_5791                      |  32|   0|   32|          0|
    |sum_9_0_1_1_reg_5609                      |  32|   0|   32|          0|
    |sum_9_0_1_1_reg_5609_pp0_iter13_reg       |  32|   0|   32|          0|
    |sum_9_1_1_1_reg_5662                      |  32|   0|   32|          0|
    |sum_9_1_1_1_reg_5662_pp0_iter30_reg       |  32|   0|   32|          0|
    |sum_9_2_1_1_reg_5715                      |  32|   0|   32|          0|
    |sum_9_2_1_1_reg_5715_pp0_iter48_reg       |  32|   0|   32|          0|
    |sum_9_2_2_2_reg_5739                      |  32|   0|   32|          0|
    |sum_9_3_1_1_reg_5773                      |  32|   0|   32|          0|
    |tmp_6_reg_4579                            |   1|   0|    1|          0|
    |tmp_7_reg_4601                            |   1|   0|    1|          0|
    |tmp_s_reg_4257                            |   3|   0|    5|          2|
    |trunc_ln2808_cast48_reg_4558              |   4|   0|    9|          5|
    |trunc_ln2808_cast51_reg_5080              |   4|   0|   10|          6|
    |w_fu_148                                  |   4|   0|    4|          0|
    |weight1_load_10_reg_5261                  |  32|   0|   32|          0|
    |weight1_load_11_reg_5266                  |  32|   0|   32|          0|
    |weight1_load_12_reg_5271                  |  32|   0|   32|          0|
    |weight1_load_13_reg_5276                  |  32|   0|   32|          0|
    |weight1_load_14_reg_5281                  |  32|   0|   32|          0|
    |weight1_load_15_reg_5016                  |  32|   0|   32|          0|
    |weight1_load_16_reg_5021                  |  32|   0|   32|          0|
    |weight1_load_17_reg_5026                  |  32|   0|   32|          0|
    |weight1_load_18_reg_5031                  |  32|   0|   32|          0|
    |weight1_load_19_reg_5036                  |  32|   0|   32|          0|
    |weight1_load_1_reg_4946                   |  32|   0|   32|          0|
    |weight1_load_20_reg_5041                  |  32|   0|   32|          0|
    |weight1_load_21_reg_5046                  |  32|   0|   32|          0|
    |weight1_load_22_reg_5051                  |  32|   0|   32|          0|
    |weight1_load_23_reg_5056                  |  32|   0|   32|          0|
    |weight1_load_24_reg_5061                  |  32|   0|   32|          0|
    |weight1_load_25_reg_4742                  |  32|   0|   32|          0|
    |weight1_load_26_reg_4747                  |  32|   0|   32|          0|
    |weight1_load_27_reg_4752                  |  32|   0|   32|          0|
    |weight1_load_28_reg_4757                  |  32|   0|   32|          0|
    |weight1_load_29_reg_4762                  |  32|   0|   32|          0|
    |weight1_load_2_reg_4951                   |  32|   0|   32|          0|
    |weight1_load_30_reg_4767                  |  32|   0|   32|          0|
    |weight1_load_31_reg_4772                  |  32|   0|   32|          0|
    |weight1_load_32_reg_4777                  |  32|   0|   32|          0|
    |weight1_load_33_reg_4782                  |  32|   0|   32|          0|
    |weight1_load_34_reg_4787                  |  32|   0|   32|          0|
    |weight1_load_35_reg_4792                  |  32|   0|   32|          0|
    |weight1_load_3_reg_5226                   |  32|   0|   32|          0|
    |weight1_load_4_reg_5231                   |  32|   0|   32|          0|
    |weight1_load_5_reg_5236                   |  32|   0|   32|          0|
    |weight1_load_6_reg_5241                   |  32|   0|   32|          0|
    |weight1_load_7_reg_5246                   |  32|   0|   32|          0|
    |weight1_load_8_reg_5251                   |  32|   0|   32|          0|
    |weight1_load_9_reg_5256                   |  32|   0|   32|          0|
    |weight1_load_reg_4656                     |  32|   0|   32|          0|
    |x_load_15_reg_5097                        |  32|   0|   32|          0|
    |x_load_16_reg_5116                        |  32|   0|   32|          0|
    |x_load_17_reg_4855                        |  32|   0|   32|          0|
    |x_load_18_reg_4860                        |  32|   0|   32|          0|
    |x_load_19_reg_4865                        |  32|   0|   32|          0|
    |x_load_20_reg_4878                        |  32|   0|   32|          0|
    |x_load_21_reg_4883                        |  32|   0|   32|          0|
    |x_load_22_reg_4896                        |  32|   0|   32|          0|
    |x_load_23_reg_5121                        |  32|   0|   32|          0|
    |x_load_24_reg_5126                        |  32|   0|   32|          0|
    |x_load_25_reg_5131                        |  32|   0|   32|          0|
    |x_load_26_reg_5136                        |  32|   0|   32|          0|
    |x_load_27_reg_5141                        |  32|   0|   32|          0|
    |x_load_28_reg_5146                        |  32|   0|   32|          0|
    |x_load_29_reg_5151                        |  32|   0|   32|          0|
    |x_load_30_reg_5156                        |  32|   0|   32|          0|
    |x_load_31_reg_5161                        |  32|   0|   32|          0|
    |x_load_32_reg_5286                        |  32|   0|   32|          0|
    |x_load_33_reg_5291                        |  32|   0|   32|          0|
    |x_load_34_reg_5296                        |  32|   0|   32|          0|
    |x_load_35_reg_5301                        |  32|   0|   32|          0|
    |x_load_36_reg_5306                        |  32|   0|   32|          0|
    |x_load_37_reg_5311                        |  32|   0|   32|          0|
    |x_load_38_reg_5316                        |  32|   0|   32|          0|
    |x_load_39_reg_5321                        |  32|   0|   32|          0|
    |x_load_40_reg_5326                        |  32|   0|   32|          0|
    |x_load_41_reg_5331                        |  32|   0|   32|          0|
    |x_load_42_reg_5336                        |  32|   0|   32|          0|
    |x_load_43_reg_5341                        |  32|   0|   32|          0|
    |x_load_44_reg_5376                        |  32|   0|   32|          0|
    |x_load_45_reg_5381                        |  32|   0|   32|          0|
    |x_load_46_reg_5386                        |  32|   0|   32|          0|
    |x_load_47_reg_5391                        |  32|   0|   32|          0|
    |x_load_48_reg_5396                        |  32|   0|   32|          0|
    |x_load_49_reg_5401                        |  32|   0|   32|          0|
    |x_load_reg_5092                           |  32|   0|   32|          0|
    |zext_ln2795_6_reg_4797                    |   4|   0|    6|          2|
    |zext_ln2795_reg_4645                      |   4|   0|    6|          2|
    |zext_ln2811_1_reg_4593                    |   4|   0|    9|          5|
    |zext_ln2811_reg_5102                      |   4|   0|   10|          6|
    |add_ln2827_reg_4640                       |  64|  32|   11|          0|
    |icmp_ln2793_reg_4274                      |  64|  32|    1|          0|
    |icmp_ln2811_reg_4841                      |  64|  32|    1|          0|
    |mul_0_0_1_reg_5441                        |  64|  32|   32|          0|
    |mul_0_0_2_reg_5446                        |  64|  32|   32|          0|
    |mul_0_1_1_reg_5411                        |  64|  32|   32|          0|
    |mul_0_1_2_reg_5416                        |  64|  32|   32|          0|
    |mul_0_1_reg_5406                          |  64|  32|   32|          0|
    |mul_0_2_1_reg_5426                        |  64|  32|   32|          0|
    |mul_0_2_2_reg_5431                        |  64|  32|   32|          0|
    |mul_0_2_reg_5421                          |  64|  32|   32|          0|
    |mul_1_0_1_reg_5456                        |  64|  32|   32|          0|
    |mul_1_0_2_reg_5461                        |  64|  32|   32|          0|
    |mul_1_1_1_reg_5471                        |  64|  32|   32|          0|
    |mul_1_1_2_reg_5476                        |  64|  32|   32|          0|
    |mul_1_1_reg_5466                          |  64|  32|   32|          0|
    |mul_1_2_1_reg_5486                        |  64|  32|   32|          0|
    |mul_1_2_2_reg_5491                        |  64|  32|   32|          0|
    |mul_1_2_reg_5481                          |  64|  32|   32|          0|
    |mul_1_reg_5451                            |  64|  32|   32|          0|
    |mul_2_0_1_reg_5501                        |  64|  32|   32|          0|
    |mul_2_0_2_reg_5506                        |  64|  32|   32|          0|
    |mul_2_1_1_reg_5516                        |  64|  32|   32|          0|
    |mul_2_1_2_reg_5521                        |  64|  32|   32|          0|
    |mul_2_1_reg_5511                          |  64|  32|   32|          0|
    |mul_2_2_1_reg_5531                        |  64|  32|   32|          0|
    |mul_2_2_2_reg_5536                        |  64|  32|   32|          0|
    |mul_2_2_reg_5526                          |  64|  32|   32|          0|
    |mul_2_reg_5496                            |  64|  32|   32|          0|
    |mul_3_0_1_reg_5546                        |  64|  32|   32|          0|
    |mul_3_0_2_reg_5551                        |  64|  32|   32|          0|
    |mul_3_1_1_reg_5561                        |  64|  32|   32|          0|
    |mul_3_1_2_reg_5566                        |  64|  32|   32|          0|
    |mul_3_1_reg_5556                          |  64|  32|   32|          0|
    |mul_3_2_1_reg_5576                        |  64|  32|   32|          0|
    |mul_3_2_2_reg_5581                        |  64|  32|   32|          0|
    |mul_3_2_reg_5571                          |  64|  32|   32|          0|
    |mul_3_reg_5541                            |  64|  32|   32|          0|
    |or_ln2811_4_reg_5108                      |  64|  32|    1|          0|
    |or_ln2811_5_reg_4870                      |  64|  32|    1|          0|
    |or_ln2811_6_reg_4888                      |  64|  32|    1|          0|
    |select_ln2793_2_reg_4651                  |  64|  32|    4|          0|
    |select_ln2795_13_reg_4409                 |  64|  32|    1|          0|
    |select_ln2795_24_reg_4549                 |  64|  32|    1|          0|
    |select_ln2811_10_reg_5615                 |  64|  32|   32|          0|
    |select_ln2811_17_reg_5668                 |  64|  32|   32|          0|
    |select_ln2811_24_reg_5721                 |  64|  32|   32|          0|
    |select_ln2811_31_reg_5779                 |  64|  32|   32|          0|
    |sum_3_3_2_1_reg_5791                      |  64|  32|   32|          0|
    |sum_9_3_1_1_reg_5773                      |  64|  32|   32|          0|
    |tmp_6_reg_4579                            |  64|  32|    1|          0|
    |tmp_7_reg_4601                            |  64|  32|    1|          0|
    +------------------------------------------+----+----+-----+-----------+
    |Total                                     |9574|1664| 7662|         80|
    +------------------------------------------+----+----+-----+-----------+



================================================================
== Interface
================================================================
* Summary: 
+---------------------+-----+-----+------------+--------------+--------------+
|      RTL Ports      | Dir | Bits|  Protocol  | Source Object|    C Type    |
+---------------------+-----+-----+------------+--------------+--------------+
|ap_clk               |   in|    1|  ap_ctrl_hs|        conv2d|  return value|
|ap_rst               |   in|    1|  ap_ctrl_hs|        conv2d|  return value|
|ap_start             |   in|    1|  ap_ctrl_hs|        conv2d|  return value|
|ap_done              |  out|    1|  ap_ctrl_hs|        conv2d|  return value|
|ap_idle              |  out|    1|  ap_ctrl_hs|        conv2d|  return value|
|ap_ready             |  out|    1|  ap_ctrl_hs|        conv2d|  return value|
|grp_fu_837_p_din0    |  out|   32|  ap_ctrl_hs|        conv2d|  return value|
|grp_fu_837_p_din1    |  out|   32|  ap_ctrl_hs|        conv2d|  return value|
|grp_fu_837_p_opcode  |  out|    2|  ap_ctrl_hs|        conv2d|  return value|
|grp_fu_837_p_dout0   |   in|   32|  ap_ctrl_hs|        conv2d|  return value|
|grp_fu_837_p_ce      |  out|    1|  ap_ctrl_hs|        conv2d|  return value|
|grp_fu_841_p_din0    |  out|   32|  ap_ctrl_hs|        conv2d|  return value|
|grp_fu_841_p_din1    |  out|   32|  ap_ctrl_hs|        conv2d|  return value|
|grp_fu_841_p_opcode  |  out|    2|  ap_ctrl_hs|        conv2d|  return value|
|grp_fu_841_p_dout0   |   in|   32|  ap_ctrl_hs|        conv2d|  return value|
|grp_fu_841_p_ce      |  out|    1|  ap_ctrl_hs|        conv2d|  return value|
|grp_fu_869_p_din0    |  out|   32|  ap_ctrl_hs|        conv2d|  return value|
|grp_fu_869_p_din1    |  out|   32|  ap_ctrl_hs|        conv2d|  return value|
|grp_fu_869_p_opcode  |  out|    2|  ap_ctrl_hs|        conv2d|  return value|
|grp_fu_869_p_dout0   |   in|   32|  ap_ctrl_hs|        conv2d|  return value|
|grp_fu_869_p_ce      |  out|    1|  ap_ctrl_hs|        conv2d|  return value|
|grp_fu_873_p_din0    |  out|   32|  ap_ctrl_hs|        conv2d|  return value|
|grp_fu_873_p_din1    |  out|   32|  ap_ctrl_hs|        conv2d|  return value|
|grp_fu_873_p_opcode  |  out|    2|  ap_ctrl_hs|        conv2d|  return value|
|grp_fu_873_p_dout0   |   in|   32|  ap_ctrl_hs|        conv2d|  return value|
|grp_fu_873_p_ce      |  out|    1|  ap_ctrl_hs|        conv2d|  return value|
|grp_fu_877_p_din0    |  out|   32|  ap_ctrl_hs|        conv2d|  return value|
|grp_fu_877_p_din1    |  out|   32|  ap_ctrl_hs|        conv2d|  return value|
|grp_fu_877_p_opcode  |  out|    2|  ap_ctrl_hs|        conv2d|  return value|
|grp_fu_877_p_dout0   |   in|   32|  ap_ctrl_hs|        conv2d|  return value|
|grp_fu_877_p_ce      |  out|    1|  ap_ctrl_hs|        conv2d|  return value|
|grp_fu_881_p_din0    |  out|   32|  ap_ctrl_hs|        conv2d|  return value|
|grp_fu_881_p_din1    |  out|   32|  ap_ctrl_hs|        conv2d|  return value|
|grp_fu_881_p_opcode  |  out|    2|  ap_ctrl_hs|        conv2d|  return value|
|grp_fu_881_p_dout0   |   in|   32|  ap_ctrl_hs|        conv2d|  return value|
|grp_fu_881_p_ce      |  out|    1|  ap_ctrl_hs|        conv2d|  return value|
|grp_fu_885_p_din0    |  out|   32|  ap_ctrl_hs|        conv2d|  return value|
|grp_fu_885_p_din1    |  out|   32|  ap_ctrl_hs|        conv2d|  return value|
|grp_fu_885_p_opcode  |  out|    2|  ap_ctrl_hs|        conv2d|  return value|
|grp_fu_885_p_dout0   |   in|   32|  ap_ctrl_hs|        conv2d|  return value|
|grp_fu_885_p_ce      |  out|    1|  ap_ctrl_hs|        conv2d|  return value|
|grp_fu_889_p_din0    |  out|   32|  ap_ctrl_hs|        conv2d|  return value|
|grp_fu_889_p_din1    |  out|   32|  ap_ctrl_hs|        conv2d|  return value|
|grp_fu_889_p_opcode  |  out|    2|  ap_ctrl_hs|        conv2d|  return value|
|grp_fu_889_p_dout0   |   in|   32|  ap_ctrl_hs|        conv2d|  return value|
|grp_fu_889_p_ce      |  out|    1|  ap_ctrl_hs|        conv2d|  return value|
|grp_fu_893_p_din0    |  out|   32|  ap_ctrl_hs|        conv2d|  return value|
|grp_fu_893_p_din1    |  out|   32|  ap_ctrl_hs|        conv2d|  return value|
|grp_fu_893_p_opcode  |  out|    2|  ap_ctrl_hs|        conv2d|  return value|
|grp_fu_893_p_dout0   |   in|   32|  ap_ctrl_hs|        conv2d|  return value|
|grp_fu_893_p_ce      |  out|    1|  ap_ctrl_hs|        conv2d|  return value|
|grp_fu_897_p_din0    |  out|   32|  ap_ctrl_hs|        conv2d|  return value|
|grp_fu_897_p_din1    |  out|   32|  ap_ctrl_hs|        conv2d|  return value|
|grp_fu_897_p_opcode  |  out|    2|  ap_ctrl_hs|        conv2d|  return value|
|grp_fu_897_p_dout0   |   in|   32|  ap_ctrl_hs|        conv2d|  return value|
|grp_fu_897_p_ce      |  out|    1|  ap_ctrl_hs|        conv2d|  return value|
|grp_fu_901_p_din0    |  out|   32|  ap_ctrl_hs|        conv2d|  return value|
|grp_fu_901_p_din1    |  out|   32|  ap_ctrl_hs|        conv2d|  return value|
|grp_fu_901_p_opcode  |  out|    2|  ap_ctrl_hs|        conv2d|  return value|
|grp_fu_901_p_dout0   |   in|   32|  ap_ctrl_hs|        conv2d|  return value|
|grp_fu_901_p_ce      |  out|    1|  ap_ctrl_hs|        conv2d|  return value|
|grp_fu_905_p_din0    |  out|   32|  ap_ctrl_hs|        conv2d|  return value|
|grp_fu_905_p_din1    |  out|   32|  ap_ctrl_hs|        conv2d|  return value|
|grp_fu_905_p_opcode  |  out|    2|  ap_ctrl_hs|        conv2d|  return value|
|grp_fu_905_p_dout0   |   in|   32|  ap_ctrl_hs|        conv2d|  return value|
|grp_fu_905_p_ce      |  out|    1|  ap_ctrl_hs|        conv2d|  return value|
|grp_fu_909_p_din0    |  out|   32|  ap_ctrl_hs|        conv2d|  return value|
|grp_fu_909_p_din1    |  out|   32|  ap_ctrl_hs|        conv2d|  return value|
|grp_fu_909_p_opcode  |  out|    2|  ap_ctrl_hs|        conv2d|  return value|
|grp_fu_909_p_dout0   |   in|   32|  ap_ctrl_hs|        conv2d|  return value|
|grp_fu_909_p_ce      |  out|    1|  ap_ctrl_hs|        conv2d|  return value|
|grp_fu_845_p_din0    |  out|   32|  ap_ctrl_hs|        conv2d|  return value|
|grp_fu_845_p_din1    |  out|   32|  ap_ctrl_hs|        conv2d|  return value|
|grp_fu_845_p_dout0   |   in|   32|  ap_ctrl_hs|        conv2d|  return value|
|grp_fu_845_p_ce      |  out|    1|  ap_ctrl_hs|        conv2d|  return value|
|grp_fu_849_p_din0    |  out|   32|  ap_ctrl_hs|        conv2d|  return value|
|grp_fu_849_p_din1    |  out|   32|  ap_ctrl_hs|        conv2d|  return value|
|grp_fu_849_p_dout0   |   in|   32|  ap_ctrl_hs|        conv2d|  return value|
|grp_fu_849_p_ce      |  out|    1|  ap_ctrl_hs|        conv2d|  return value|
|grp_fu_913_p_din0    |  out|   32|  ap_ctrl_hs|        conv2d|  return value|
|grp_fu_913_p_din1    |  out|   32|  ap_ctrl_hs|        conv2d|  return value|
|grp_fu_913_p_dout0   |   in|   32|  ap_ctrl_hs|        conv2d|  return value|
|grp_fu_913_p_ce      |  out|    1|  ap_ctrl_hs|        conv2d|  return value|
|grp_fu_917_p_din0    |  out|   32|  ap_ctrl_hs|        conv2d|  return value|
|grp_fu_917_p_din1    |  out|   32|  ap_ctrl_hs|        conv2d|  return value|
|grp_fu_917_p_dout0   |   in|   32|  ap_ctrl_hs|        conv2d|  return value|
|grp_fu_917_p_ce      |  out|    1|  ap_ctrl_hs|        conv2d|  return value|
|grp_fu_921_p_din0    |  out|   32|  ap_ctrl_hs|        conv2d|  return value|
|grp_fu_921_p_din1    |  out|   32|  ap_ctrl_hs|        conv2d|  return value|
|grp_fu_921_p_dout0   |   in|   32|  ap_ctrl_hs|        conv2d|  return value|
|grp_fu_921_p_ce      |  out|    1|  ap_ctrl_hs|        conv2d|  return value|
|grp_fu_925_p_din0    |  out|   32|  ap_ctrl_hs|        conv2d|  return value|
|grp_fu_925_p_din1    |  out|   32|  ap_ctrl_hs|        conv2d|  return value|
|grp_fu_925_p_dout0   |   in|   32|  ap_ctrl_hs|        conv2d|  return value|
|grp_fu_925_p_ce      |  out|    1|  ap_ctrl_hs|        conv2d|  return value|
|grp_fu_929_p_din0    |  out|   32|  ap_ctrl_hs|        conv2d|  return value|
|grp_fu_929_p_din1    |  out|   32|  ap_ctrl_hs|        conv2d|  return value|
|grp_fu_929_p_dout0   |   in|   32|  ap_ctrl_hs|        conv2d|  return value|
|grp_fu_929_p_ce      |  out|    1|  ap_ctrl_hs|        conv2d|  return value|
|grp_fu_933_p_din0    |  out|   32|  ap_ctrl_hs|        conv2d|  return value|
|grp_fu_933_p_din1    |  out|   32|  ap_ctrl_hs|        conv2d|  return value|
|grp_fu_933_p_dout0   |   in|   32|  ap_ctrl_hs|        conv2d|  return value|
|grp_fu_933_p_ce      |  out|    1|  ap_ctrl_hs|        conv2d|  return value|
|grp_fu_937_p_din0    |  out|   32|  ap_ctrl_hs|        conv2d|  return value|
|grp_fu_937_p_din1    |  out|   32|  ap_ctrl_hs|        conv2d|  return value|
|grp_fu_937_p_dout0   |   in|   32|  ap_ctrl_hs|        conv2d|  return value|
|grp_fu_937_p_ce      |  out|    1|  ap_ctrl_hs|        conv2d|  return value|
|grp_fu_941_p_din0    |  out|   32|  ap_ctrl_hs|        conv2d|  return value|
|grp_fu_941_p_din1    |  out|   32|  ap_ctrl_hs|        conv2d|  return value|
|grp_fu_941_p_dout0   |   in|   32|  ap_ctrl_hs|        conv2d|  return value|
|grp_fu_941_p_ce      |  out|    1|  ap_ctrl_hs|        conv2d|  return value|
|grp_fu_945_p_din0    |  out|   32|  ap_ctrl_hs|        conv2d|  return value|
|grp_fu_945_p_din1    |  out|   32|  ap_ctrl_hs|        conv2d|  return value|
|grp_fu_945_p_dout0   |   in|   32|  ap_ctrl_hs|        conv2d|  return value|
|grp_fu_945_p_ce      |  out|    1|  ap_ctrl_hs|        conv2d|  return value|
|grp_fu_949_p_din0    |  out|   32|  ap_ctrl_hs|        conv2d|  return value|
|grp_fu_949_p_din1    |  out|   32|  ap_ctrl_hs|        conv2d|  return value|
|grp_fu_949_p_dout0   |   in|   32|  ap_ctrl_hs|        conv2d|  return value|
|grp_fu_949_p_ce      |  out|    1|  ap_ctrl_hs|        conv2d|  return value|
|x_address0           |  out|   10|   ap_memory|             x|         array|
|x_ce0                |  out|    1|   ap_memory|             x|         array|
|x_q0                 |   in|   32|   ap_memory|             x|         array|
|x_address1           |  out|   10|   ap_memory|             x|         array|
|x_ce1                |  out|    1|   ap_memory|             x|         array|
|x_q1                 |   in|   32|   ap_memory|             x|         array|
|x_address2           |  out|   10|   ap_memory|             x|         array|
|x_ce2                |  out|    1|   ap_memory|             x|         array|
|x_q2                 |   in|   32|   ap_memory|             x|         array|
|x_address3           |  out|   10|   ap_memory|             x|         array|
|x_ce3                |  out|    1|   ap_memory|             x|         array|
|x_q3                 |   in|   32|   ap_memory|             x|         array|
|x_address4           |  out|   10|   ap_memory|             x|         array|
|x_ce4                |  out|    1|   ap_memory|             x|         array|
|x_q4                 |   in|   32|   ap_memory|             x|         array|
|x_address5           |  out|   10|   ap_memory|             x|         array|
|x_ce5                |  out|    1|   ap_memory|             x|         array|
|x_q5                 |   in|   32|   ap_memory|             x|         array|
|x_address6           |  out|   10|   ap_memory|             x|         array|
|x_ce6                |  out|    1|   ap_memory|             x|         array|
|x_q6                 |   in|   32|   ap_memory|             x|         array|
|x_address7           |  out|   10|   ap_memory|             x|         array|
|x_ce7                |  out|    1|   ap_memory|             x|         array|
|x_q7                 |   in|   32|   ap_memory|             x|         array|
|x_address8           |  out|   10|   ap_memory|             x|         array|
|x_ce8                |  out|    1|   ap_memory|             x|         array|
|x_q8                 |   in|   32|   ap_memory|             x|         array|
|x_address9           |  out|   10|   ap_memory|             x|         array|
|x_ce9                |  out|    1|   ap_memory|             x|         array|
|x_q9                 |   in|   32|   ap_memory|             x|         array|
|x_address10          |  out|   10|   ap_memory|             x|         array|
|x_ce10               |  out|    1|   ap_memory|             x|         array|
|x_q10                |   in|   32|   ap_memory|             x|         array|
|x_address11          |  out|   10|   ap_memory|             x|         array|
|x_ce11               |  out|    1|   ap_memory|             x|         array|
|x_q11                |   in|   32|   ap_memory|             x|         array|
|y_address0           |  out|   11|   ap_memory|             y|         array|
|y_ce0                |  out|    1|   ap_memory|             y|         array|
|y_we0                |  out|    1|   ap_memory|             y|         array|
|y_d0                 |  out|   32|   ap_memory|             y|         array|
+---------------------+-----+-----+------------+--------------+--------------+

