

================================================================
== Synthesis Summary Report of 'cnn_top'
================================================================
+ General Information: 
    * Date:           Mon Feb 27 10:37:25 2023
    * Version:        2022.2 (Build 3670227 on Oct 13 2022)
    * Project:        cnnlite_ip
    * Solution:       solution1 (Vivado IP Flow Target)
    * Product family: zynq
    * Target device:  xc7z020-clg400-1
    

+ Performance & Resource Estimates: 
    
    PS: '+' for module; 'o' for loop; '*' for dataflow
    +------------------------------------------------------------+--------+-------+---------+-----------+----------+---------+-------+----------+-----------+-----------+-------------+-------------+-----+
    |                           Modules                          |  Issue |       | Latency |  Latency  | Iteration|         |  Trip |          |           |           |             |             |     |
    |                           & Loops                          |  Type  | Slack | (cycles)|    (ns)   |  Latency | Interval| Count | Pipelined|   BRAM    |    DSP    |      FF     |     LUT     | URAM|
    +------------------------------------------------------------+--------+-------+---------+-----------+----------+---------+-------+----------+-----------+-----------+-------------+-------------+-----+
    |+ cnn_top                                                   |  Timing|  -1.12|   102322|  1.023e+06|         -|   102323|      -|        no|  161 (57%)|  163 (74%)|  31139 (29%)|  38902 (73%)|    -|
    | + conv2d_1                                                 |  Timing|  -1.12|    15945|  1.594e+05|         -|    15945|      -|        no|    10 (3%)|          -|    2770 (2%)|    2326 (4%)|    -|
    |  o VITIS_LOOP_2793_1                                       |       -|   7.30|    15944|  1.594e+05|      3986|        -|      4|        no|          -|          -|            -|            -|    -|
    |   + conv2d_1_Pipeline_VITIS_LOOP_2795_2_VITIS_LOOP_2797_3  |  Timing|  -1.12|     3982|  3.982e+04|         -|     3982|      -|        no|          -|          -|    2421 (2%)|    1932 (3%)|    -|
    |    o VITIS_LOOP_2795_2_VITIS_LOOP_2797_3                   |      II|   7.30|     3980|  3.980e+04|        66|        5|    784|       yes|          -|          -|            -|            -|    -|
    | + cnn_top_Pipeline_VITIS_LOOP_2872_1                       |       -|   0.89|     3141|  3.141e+04|         -|     3141|      -|        no|          -|          -|    193 (~0%)|    156 (~0%)|    -|
    |  o VITIS_LOOP_2872_1                                       |       -|   7.30|     3139|  3.139e+04|         5|        1|   3136|       yes|          -|          -|            -|            -|    -|
    | + maxpool2d_1                                              |       -|   0.19|      797|  7.970e+03|         -|      797|      -|        no|          -|          -|    846 (~0%)|    1105 (2%)|    -|
    |  o VITIS_LOOP_2848_1_VITIS_LOOP_2850_2_VITIS_LOOP_2852_3   |       -|   7.30|      795|  7.950e+03|        13|        1|    784|       yes|          -|          -|            -|            -|    -|
    | + conv2d                                                   |       -|   0.04|     4931|  4.931e+04|         -|     4931|      -|        no|    12 (4%)|          -|    9606 (9%)|   7745 (14%)|    -|
    |  o VITIS_LOOP_2793_1_VITIS_LOOP_2795_2_VITIS_LOOP_2797_3   |      II|   7.30|     4929|  4.929e+04|       229|        3|   1568|       yes|          -|          -|            -|            -|    -|
    | + cnn_top_Pipeline_VITIS_LOOP_2872_14                      |       -|   0.89|     1573|  1.573e+04|         -|     1573|      -|        no|          -|          -|    191 (~0%)|    155 (~0%)|    -|
    |  o VITIS_LOOP_2872_1                                       |       -|   7.30|     1571|  1.571e+04|         5|        1|   1568|       yes|          -|          -|            -|            -|    -|
    | + maxpool2d                                                |       -|   0.19|      404|  4.040e+03|         -|      404|      -|        no|          -|          -|    780 (~0%)|    1092 (2%)|    -|
    |  o VITIS_LOOP_2848_1_VITIS_LOOP_2850_2_VITIS_LOOP_2852_3   |       -|   7.30|      402|  4.020e+03|        12|        1|    392|       yes|          -|          -|            -|            -|    -|
    | + cnn_top_Pipeline_VITIS_LOOP_2835_1_VITIS_LOOP_2838_2     |       -|   0.04|    75279|  7.528e+05|         -|    75279|      -|        no|   33 (11%)|    1 (~0%)|    445 (~0%)|    383 (~0%)|    -|
    |  o VITIS_LOOP_2835_1_VITIS_LOOP_2838_2                     |      II|   7.30|    75277|  7.528e+05|        20|        6|  12544|       yes|          -|          -|            -|            -|    -|
    | + cnn_top_Pipeline_VITIS_LOOP_2872_15                      |       -|   0.89|       37|    370.000|         -|       37|      -|        no|          -|          -|    181 (~0%)|    156 (~0%)|    -|
    |  o VITIS_LOOP_2872_1                                       |       -|   7.30|       35|    350.000|         5|        1|     32|       yes|          -|          -|            -|            -|    -|
    | + cnn_top_Pipeline_VITIS_LOOP_2835_1                       |       -|   0.04|      182|  1.820e+03|         -|      182|      -|        no|   32 (11%)|  100 (45%)|  10679 (10%)|  14660 (27%)|    -|
    |  o VITIS_LOOP_2835_1                                       |       -|   7.30|      180|  1.800e+03|       172|        1|     10|       yes|          -|          -|            -|            -|    -|
    +------------------------------------------------------------+--------+-------+---------+-----------+----------+---------+-------+----------+-----------+-----------+-------------+-------------+-----+


================================================================
== HW Interfaces
================================================================
* AP_MEMORY
+------------+----------+
| Interface  | Bitwidth |
+------------+----------+
| x_address0 | 10       |
| x_address1 | 10       |
| x_q0       | 32       |
| x_q1       | 32       |
| y_address0 | 4        |
| y_d0       | 32       |
+------------+----------+

* TOP LEVEL CONTROL
+-----------+------------+-----------------------------------+
| Interface | Type       | Ports                             |
+-----------+------------+-----------------------------------+
| ap_clk    | clock      | ap_clk                            |
| ap_rst    | reset      | ap_rst                            |
| ap_ctrl   | ap_ctrl_hs | ap_done ap_idle ap_ready ap_start |
+-----------+------------+-----------------------------------+


================================================================
== SW I/O Information
================================================================
* Top Function Arguments
+----------+-----------+---------------+
| Argument | Direction | Datatype      |
+----------+-----------+---------------+
| x        | in        | float const * |
| y        | out       | float*        |
+----------+-----------+---------------+

* SW-to-HW Mapping
+----------+--------------+---------+----------+
| Argument | HW Interface | HW Type | HW Usage |
+----------+--------------+---------+----------+
| x        | x_address0   | port    | offset   |
| x        | x_ce0        | port    |          |
| x        | x_q0         | port    |          |
| x        | x_address1   | port    | offset   |
| x        | x_ce1        | port    |          |
| x        | x_q1         | port    |          |
| y        | y_address0   | port    | offset   |
| y        | y_ce0        | port    |          |
| y        | y_we0        | port    |          |
| y        | y_d0         | port    |          |
+----------+--------------+---------+----------+


================================================================
== Bind Op Report
================================================================
+-----------------------------------------------------------+-----+--------+---------------+------+---------+---------+
| Name                                                      | DSP | Pragma | Variable      | Op   | Impl    | Latency |
+-----------------------------------------------------------+-----+--------+---------------+------+---------+---------+
| + cnn_top                                                 | 163 |        |               |      |         |         |
|  + conv2d_1                                               | 0   |        |               |      |         |         |
|    add_ln2793_fu_221_p2                                   | -   |        | add_ln2793    | add  | fabric  | 0       |
|    empty_72_fu_422_p2                                     | -   |        | empty_72      | sub  | fabric  | 0       |
|    empty_74_fu_247_p2                                     | -   |        | empty_74      | sub  | fabric  | 0       |
|    empty_76_fu_269_p2                                     | -   |        | empty_76      | sub  | fabric  | 0       |
|    empty_77_fu_275_p2                                     | -   |        | empty_77      | add  | fabric  | 0       |
|    empty_79_fu_297_p2                                     | -   |        | empty_79      | sub  | fabric  | 0       |
|    add_ln2817_2_fu_344_p2                                 | -   |        | add_ln2817_2  | add  | fabric  | 0       |
|    empty_80_fu_303_p2                                     | -   |        | empty_80      | add  | fabric  | 0       |
|    empty_82_fu_325_p2                                     | -   |        | empty_82      | sub  | fabric  | 0       |
|    add_ln2817_5_fu_358_p2                                 | -   |        | add_ln2817_5  | add  | fabric  | 0       |
|    add_ln2817_4_fu_368_p2                                 | -   |        | add_ln2817_4  | add  | fabric  | 0       |
|    add_ln2817_3_fu_378_p2                                 | -   |        | add_ln2817_3  | add  | fabric  | 0       |
|    add_ln2817_1_fu_388_p2                                 | -   |        | add_ln2817_1  | add  | fabric  | 0       |
|    add_ln2817_fu_398_p2                                   | -   |        | add_ln2817    | add  | fabric  | 0       |
|   + conv2d_1_Pipeline_VITIS_LOOP_2795_2_VITIS_LOOP_2797_3 | 0   |        |               |      |         |         |
|     empty_59_fu_839_p2                                    | -   |        | empty_59      | add  | fabric  | 0       |
|     empty_61_fu_868_p2                                    | -   |        | empty_61      | sub  | fabric  | 0       |
|     empty_62_fu_327_p2                                    | -   |        | empty_62      | add  | fabric  | 0       |
|     empty_64_fu_357_p2                                    | -   |        | empty_64      | sub  | fabric  | 0       |
|     empty_65_fu_482_p2                                    | -   |        | empty_65      | sub  | fabric  | 0       |
|     empty_66_fu_363_p2                                    | -   |        | empty_66      | add  | fabric  | 0       |
|     empty_67_fu_506_p2                                    | -   |        | empty_67      | sub  | fabric  | 0       |
|     add_ln2795_fu_681_p2                                  | -   |        | add_ln2795    | add  | fabric  | 0       |
|     p_mid1_fu_877_p2                                      | -   |        | p_mid1        | add  | fabric  | 0       |
|     p_mid19_fu_906_p2                                     | -   |        | p_mid19       | sub  | fabric  | 0       |
|     p_mid111_fu_404_p2                                    | -   |        | p_mid111      | add  | fabric  | 0       |
|     p_mid115_fu_434_p2                                    | -   |        | p_mid115      | sub  | fabric  | 0       |
|     p_mid119_fu_595_p2                                    | -   |        | p_mid119      | add  | fabric  | 0       |
|     p_mid121_fu_626_p2                                    | -   |        | p_mid121      | sub  | fabric  | 0       |
|     add_ln2808_fu_518_p2                                  | -   |        | add_ln2808    | add  | fabric  | 0       |
|     add_ln2816_fu_528_p2                                  | -   |        | add_ln2816    | add  | fabric  | 0       |
|     add_ln2816_1_fu_538_p2                                | -   |        | add_ln2816_1  | add  | fabric  | 0       |
|     add_ln2808_1_fu_561_p2                                | -   |        | add_ln2808_1  | add  | fabric  | 0       |
|     add_ln2816_2_fu_570_p2                                | -   |        | add_ln2816_2  | add  | fabric  | 0       |
|     add_ln2816_3_fu_580_p2                                | -   |        | add_ln2816_3  | add  | fabric  | 0       |
|     add_ln2816_4_fu_648_p2                                | -   |        | add_ln2816_4  | add  | fabric  | 0       |
|     add_ln2816_5_fu_657_p2                                | -   |        | add_ln2816_5  | add  | fabric  | 0       |
|     add_ln2816_6_fu_666_p2                                | -   |        | add_ln2816_6  | add  | fabric  | 0       |
|     add_ln2816_7_fu_671_p2                                | -   |        | add_ln2816_7  | add  | fabric  | 0       |
|     add_ln2816_8_fu_676_p2                                | -   |        | add_ln2816_8  | add  | fabric  | 0       |
|     add_ln2827_fu_933_p2                                  | -   |        | add_ln2827    | add  | fabric  | 0       |
|  + cnn_top_Pipeline_VITIS_LOOP_2872_1                     | 0   |        |               |      |         |         |
|    i_5_fu_91_p2                                           | -   |        | i_5           | add  | fabric  | 0       |
|  + maxpool2d_1                                            | 0   |        |               |      |         |         |
|    empty_17_fu_294_p2                                     | -   |        | empty_17      | sub  | fabric  | 0       |
|    empty_19_fu_322_p2                                     | -   |        | empty_19      | sub  | fabric  | 0       |
|    empty_20_fu_346_p2                                     | -   |        | empty_20      | add  | fabric  | 0       |
|    empty_22_fu_376_p2                                     | -   |        | empty_22      | sub  | fabric  | 0       |
|    empty_23_fu_382_p2                                     | -   |        | empty_23      | add  | fabric  | 0       |
|    empty_25_fu_668_p2                                     | -   |        | empty_25      | sub  | fabric  | 0       |
|    empty_28_fu_703_p2                                     | -   |        | empty_28      | sub  | fabric  | 0       |
|    add_ln2848_1_fu_221_p2                                 | -   |        | add_ln2848_1  | add  | fabric  | 0       |
|    add_ln2848_fu_395_p2                                   | -   |        | add_ln2848    | add  | fabric  | 0       |
|    p_mid129_fu_443_p2                                     | -   |        | p_mid129      | sub  | fabric  | 0       |
|    p_mid131_fu_478_p2                                     | -   |        | p_mid131      | sub  | fabric  | 0       |
|    p_mid151_fu_515_p2                                     | -   |        | p_mid151      | sub  | fabric  | 0       |
|    p_mid165_fu_732_p2                                     | -   |        | p_mid165      | sub  | fabric  | 0       |
|    p_mid179_fu_774_p2                                     | -   |        | p_mid179      | sub  | fabric  | 0       |
|    add_ln2850_fu_543_p2                                   | -   |        | add_ln2850    | add  | fabric  | 0       |
|    p_mid18_fu_575_p2                                      | -   |        | p_mid18       | add  | fabric  | 0       |
|    p_mid110_fu_605_p2                                     | -   |        | p_mid110      | sub  | fabric  | 0       |
|    p_mid112_fu_611_p2                                     | -   |        | p_mid112      | add  | fabric  | 0       |
|    p_mid114_fu_811_p2                                     | -   |        | p_mid114      | sub  | fabric  | 0       |
|    p_mid118_fu_853_p2                                     | -   |        | p_mid118      | sub  | fabric  | 0       |
|    add_ln2860_fu_869_p2                                   | -   |        | add_ln2860    | add  | fabric  | 0       |
|    add_ln2860_1_fu_891_p2                                 | -   |        | add_ln2860_1  | add  | fabric  | 0       |
|    add_ln2864_fu_926_p2                                   | -   |        | add_ln2864    | add  | fabric  | 0       |
|    add_ln2852_fu_629_p2                                   | -   |        | add_ln2852    | add  | fabric  | 0       |
|    add_ln2850_1_fu_236_p2                                 | -   |        | add_ln2850_1  | add  | fabric  | 0       |
|  + conv2d                                                 | 0   |        |               |      |         |         |
|    empty_84_fu_1677_p2                                    | -   |        | empty_84      | sub  | fabric  | 0       |
|    empty_85_fu_1080_p2                                    | -   |        | empty_85      | sub  | fabric  | 0       |
|    empty_87_fu_1102_p2                                    | -   |        | empty_87      | sub  | fabric  | 0       |
|    empty_90_fu_1130_p2                                    | -   |        | empty_90      | sub  | fabric  | 0       |
|    empty_93_fu_1158_p2                                    | -   |        | empty_93      | sub  | fabric  | 0       |
|    empty_95_fu_1186_p2                                    | -   |        | empty_95      | sub  | fabric  | 0       |
|    empty_97_fu_1208_p2                                    | -   |        | empty_97      | sub  | fabric  | 0       |
|    empty_98_fu_1682_p2                                    | -   |        | empty_98      | add  | fabric  | 0       |
|    empty_100_fu_1703_p2                                   | -   |        | empty_100     | sub  | fabric  | 0       |
|    empty_101_fu_1709_p2                                   | -   |        | empty_101     | add  | fabric  | 0       |
|    empty_103_fu_1730_p2                                   | -   |        | empty_103     | sub  | fabric  | 0       |
|    empty_105_fu_1757_p2                                   | -   |        | empty_105     | sub  | fabric  | 0       |
|    empty_107_fu_1779_p2                                   | -   |        | empty_107     | sub  | fabric  | 0       |
|    empty_110_fu_1807_p2                                   | -   |        | empty_110     | sub  | fabric  | 0       |
|    empty_111_fu_1813_p2                                   | -   |        | empty_111     | add  | fabric  | 0       |
|    empty_113_fu_1835_p2                                   | -   |        | empty_113     | sub  | fabric  | 0       |
|    empty_115_fu_2776_p2                                   | -   |        | empty_115     | sub  | fabric  | 0       |
|    empty_117_fu_2798_p2                                   | -   |        | empty_117     | sub  | fabric  | 0       |
|    empty_118_fu_2804_p2                                   | -   |        | empty_118     | add  | fabric  | 0       |
|    empty_120_fu_2826_p2                                   | -   |        | empty_120     | sub  | fabric  | 0       |
|    empty_121_fu_2832_p2                                   | -   |        | empty_121     | add  | fabric  | 0       |
|    empty_123_fu_2854_p2                                   | -   |        | empty_123     | sub  | fabric  | 0       |
|    empty_124_fu_1847_p2                                   | -   |        | empty_124     | add  | fabric  | 0       |
|    empty_126_fu_1877_p2                                   | -   |        | empty_126     | sub  | fabric  | 0       |
|    empty_127_fu_1883_p2                                   | -   |        | empty_127     | add  | fabric  | 0       |
|    empty_128_fu_1909_p2                                   | -   |        | empty_128     | sub  | fabric  | 0       |
|    empty_129_fu_1238_p2                                   | -   |        | empty_129     | sub  | fabric  | 0       |
|    empty_130_fu_1244_p2                                   | -   |        | empty_130     | add  | fabric  | 0       |
|    empty_131_fu_1280_p2                                   | -   |        | empty_131     | sub  | fabric  | 0       |
|    empty_132_fu_1915_p2                                   | -   |        | empty_132     | add  | fabric  | 0       |
|    empty_133_fu_1941_p2                                   | -   |        | empty_133     | sub  | fabric  | 0       |
|    empty_134_fu_1947_p2                                   | -   |        | empty_134     | add  | fabric  | 0       |
|    empty_135_fu_1973_p2                                   | -   |        | empty_135     | sub  | fabric  | 0       |
|    empty_136_fu_1979_p2                                   | -   |        | empty_136     | add  | fabric  | 0       |
|    empty_137_fu_2005_p2                                   | -   |        | empty_137     | sub  | fabric  | 0       |
|    empty_138_fu_2863_p2                                   | -   |        | empty_138     | add  | fabric  | 0       |
|    empty_139_fu_2889_p2                                   | -   |        | empty_139     | sub  | fabric  | 0       |
|    empty_140_fu_2895_p2                                   | -   |        | empty_140     | add  | fabric  | 0       |
|    empty_141_fu_2921_p2                                   | -   |        | empty_141     | sub  | fabric  | 0       |
|    empty_142_fu_2927_p2                                   | -   |        | empty_142     | add  | fabric  | 0       |
|    empty_143_fu_2953_p2                                   | -   |        | empty_143     | sub  | fabric  | 0       |
|    empty_144_fu_2959_p2                                   | -   |        | empty_144     | add  | fabric  | 0       |
|    empty_145_fu_2985_p2                                   | -   |        | empty_145     | sub  | fabric  | 0       |
|    empty_146_fu_3569_p2                                   | -   |        | empty_146     | add  | fabric  | 0       |
|    empty_147_fu_3594_p2                                   | -   |        | empty_147     | sub  | fabric  | 0       |
|    empty_148_fu_3600_p2                                   | -   |        | empty_148     | add  | fabric  | 0       |
|    empty_149_fu_3625_p2                                   | -   |        | empty_149     | sub  | fabric  | 0       |
|    add_ln2793_20_fu_2991_p2                               | -   |        | add_ln2793_20 | add  | fabric  | 0       |
|    add_ln2793_fu_1298_p2                                  | -   |        | add_ln2793    | add  | fabric  | 0       |
|    p_mid1152_fu_2028_p2                                   | -   |        | p_mid1152     | sub  | fabric  | 0       |
|    p_mid1154_fu_1346_p2                                   | -   |        | p_mid1154     | sub  | fabric  | 0       |
|    p_mid1156_fu_1368_p2                                   | -   |        | p_mid1156     | sub  | fabric  | 0       |
|    p_mid1160_fu_1396_p2                                   | -   |        | p_mid1160     | sub  | fabric  | 0       |
|    add_ln2793_1_fu_2040_p2                                | -   |        | add_ln2793_1  | add  | fabric  | 0       |
|    p_mid1164_fu_1432_p2                                   | -   |        | p_mid1164     | sub  | fabric  | 0       |
|    p_mid1168_fu_1460_p2                                   | -   |        | p_mid1168     | sub  | fabric  | 0       |
|    p_mid1170_fu_1482_p2                                   | -   |        | p_mid1170     | sub  | fabric  | 0       |
|    p_mid1172_fu_2050_p2                                   | -   |        | p_mid1172     | add  | fabric  | 0       |
|    p_mid1174_fu_2071_p2                                   | -   |        | p_mid1174     | sub  | fabric  | 0       |
|    add_ln2793_2_fu_3001_p2                                | -   |        | add_ln2793_2  | add  | fabric  | 0       |
|    p_mid1176_fu_2084_p2                                   | -   |        | p_mid1176     | add  | fabric  | 0       |
|    p_mid1178_fu_2105_p2                                   | -   |        | p_mid1178     | sub  | fabric  | 0       |
|    p_mid1182_fu_2132_p2                                   | -   |        | p_mid1182     | sub  | fabric  | 0       |
|    p_mid1184_fu_2154_p2                                   | -   |        | p_mid1184     | sub  | fabric  | 0       |
|    p_mid1188_fu_2182_p2                                   | -   |        | p_mid1188     | sub  | fabric  | 0       |
|    add_ln2793_3_fu_3011_p2                                | -   |        | add_ln2793_3  | add  | fabric  | 0       |
|    p_mid1190_fu_2195_p2                                   | -   |        | p_mid1190     | add  | fabric  | 0       |
|    p_mid1192_fu_2217_p2                                   | -   |        | p_mid1192     | sub  | fabric  | 0       |
|    p_mid1196_fu_3042_p2                                   | -   |        | p_mid1196     | sub  | fabric  | 0       |
|    p_mid1198_fu_3064_p2                                   | -   |        | p_mid1198     | sub  | fabric  | 0       |
|    p_mid1200_fu_3070_p2                                   | -   |        | p_mid1200     | add  | fabric  | 0       |
|    p_mid1202_fu_3092_p2                                   | -   |        | p_mid1202     | sub  | fabric  | 0       |
|    add_ln2793_4_fu_3631_p2                                | -   |        | add_ln2793_4  | add  | fabric  | 0       |
|    p_mid1204_fu_3105_p2                                   | -   |        | p_mid1204     | add  | fabric  | 0       |
|    p_mid1206_fu_3127_p2                                   | -   |        | p_mid1206     | sub  | fabric  | 0       |
|    add_ln2793_5_fu_3641_p2                                | -   |        | add_ln2793_5  | add  | fabric  | 0       |
|    add_ln2793_6_fu_3651_p2                                | -   |        | add_ln2793_6  | add  | fabric  | 0       |
|    add_ln2793_7_fu_3665_p2                                | -   |        | add_ln2793_7  | add  | fabric  | 0       |
|    add_ln2793_8_fu_3679_p2                                | -   |        | add_ln2793_8  | add  | fabric  | 0       |
|    add_ln2793_9_fu_3689_p2                                | -   |        | add_ln2793_9  | add  | fabric  | 0       |
|    add_ln2793_10_fu_3703_p2                               | -   |        | add_ln2793_10 | add  | fabric  | 0       |
|    add_ln2793_11_fu_3147_p2                               | -   |        | add_ln2793_11 | add  | fabric  | 0       |
|    add_ln2793_12_fu_3161_p2                               | -   |        | add_ln2793_12 | add  | fabric  | 0       |
|    add_ln2793_13_fu_3185_p2                               | -   |        | add_ln2793_13 | add  | fabric  | 0       |
|    add_ln2793_14_fu_3195_p2                               | -   |        | add_ln2793_14 | add  | fabric  | 0       |
|    add_ln2793_15_fu_3209_p2                               | -   |        | add_ln2793_15 | add  | fabric  | 0       |
|    add_ln2793_16_fu_2244_p2                               | -   |        | add_ln2793_16 | add  | fabric  | 0       |
|    add_ln2793_17_fu_2254_p2                               | -   |        | add_ln2793_17 | add  | fabric  | 0       |
|    add_ln2793_18_fu_2268_p2                               | -   |        | add_ln2793_18 | add  | fabric  | 0       |
|    add_ln2793_19_fu_2292_p2                               | -   |        | add_ln2793_19 | add  | fabric  | 0       |
|    p_mid1226_fu_2354_p2                                   | -   |        | p_mid1226     | sub  | fabric  | 0       |
|    p_dup7_fu_1552_p2                                      | -   |        | p_dup7        | add  | fabric  | 0       |
|    p_mid1_fu_2413_p2                                      | -   |        | p_mid1        | add  | fabric  | 0       |
|    p_mid127_fu_2443_p2                                    | -   |        | p_mid127      | sub  | fabric  | 0       |
|    p_mid129_fu_2456_p2                                    | -   |        | p_mid129      | add  | fabric  | 0       |
|    p_mid133_fu_2489_p2                                    | -   |        | p_mid133      | sub  | fabric  | 0       |
|    p_mid135_fu_1596_p2                                    | -   |        | p_mid135      | sub  | fabric  | 0       |
|    p_mid137_fu_1610_p2                                    | -   |        | p_mid137      | add  | fabric  | 0       |
|    p_mid139_fu_1654_p2                                    | -   |        | p_mid139      | sub  | fabric  | 0       |
|    p_mid141_fu_2502_p2                                    | -   |        | p_mid141      | add  | fabric  | 0       |
|    p_mid143_fu_2528_p2                                    | -   |        | p_mid143      | sub  | fabric  | 0       |
|    p_mid145_fu_2541_p2                                    | -   |        | p_mid145      | add  | fabric  | 0       |
|    p_mid147_fu_2567_p2                                    | -   |        | p_mid147      | sub  | fabric  | 0       |
|    p_mid149_fu_2580_p2                                    | -   |        | p_mid149      | add  | fabric  | 0       |
|    p_mid151_fu_2606_p2                                    | -   |        | p_mid151      | sub  | fabric  | 0       |
|    p_mid153_fu_3254_p2                                    | -   |        | p_mid153      | add  | fabric  | 0       |
|    p_mid155_fu_3280_p2                                    | -   |        | p_mid155      | sub  | fabric  | 0       |
|    p_mid157_fu_3293_p2                                    | -   |        | p_mid157      | add  | fabric  | 0       |
|    p_mid159_fu_3319_p2                                    | -   |        | p_mid159      | sub  | fabric  | 0       |
|    p_mid161_fu_3332_p2                                    | -   |        | p_mid161      | add  | fabric  | 0       |
|    p_mid163_fu_3358_p2                                    | -   |        | p_mid163      | sub  | fabric  | 0       |
|    p_mid165_fu_3371_p2                                    | -   |        | p_mid165      | add  | fabric  | 0       |
|    p_mid167_fu_3397_p2                                    | -   |        | p_mid167      | sub  | fabric  | 0       |
|    p_mid169_fu_3741_p2                                    | -   |        | p_mid169      | add  | fabric  | 0       |
|    p_mid171_fu_3766_p2                                    | -   |        | p_mid171      | sub  | fabric  | 0       |
|    p_mid173_fu_3779_p2                                    | -   |        | p_mid173      | add  | fabric  | 0       |
|    p_mid175_fu_3804_p2                                    | -   |        | p_mid175      | sub  | fabric  | 0       |
|    add_ln2808_fu_2643_p2                                  | -   |        | add_ln2808    | add  | fabric  | 0       |
|    add_ln2819_fu_3415_p2                                  | -   |        | add_ln2819    | add  | fabric  | 0       |
|    add_ln2819_1_fu_3424_p2                                | -   |        | add_ln2819_1  | add  | fabric  | 0       |
|    add_ln2808_2_fu_2667_p2                                | -   |        | add_ln2808_2  | add  | fabric  | 0       |
|    add_ln2819_2_fu_3438_p2                                | -   |        | add_ln2819_2  | add  | fabric  | 0       |
|    add_ln2819_3_fu_2684_p2                                | -   |        | add_ln2819_3  | add  | fabric  | 0       |
|    add_ln2819_4_fu_2694_p2                                | -   |        | add_ln2819_4  | add  | fabric  | 0       |
|    add_ln2819_5_fu_2704_p2                                | -   |        | add_ln2819_5  | add  | fabric  | 0       |
|    add_ln2819_6_fu_2714_p2                                | -   |        | add_ln2819_6  | add  | fabric  | 0       |
|    add_ln2819_7_fu_2724_p2                                | -   |        | add_ln2819_7  | add  | fabric  | 0       |
|    add_ln2819_8_fu_2734_p2                                | -   |        | add_ln2819_8  | add  | fabric  | 0       |
|    add_ln2819_9_fu_3456_p2                                | -   |        | add_ln2819_9  | add  | fabric  | 0       |
|    add_ln2819_10_fu_3465_p2                               | -   |        | add_ln2819_10 | add  | fabric  | 0       |
|    add_ln2819_11_fu_3474_p2                               | -   |        | add_ln2819_11 | add  | fabric  | 0       |
|    add_ln2819_12_fu_3483_p2                               | -   |        | add_ln2819_12 | add  | fabric  | 0       |
|    add_ln2819_13_fu_3492_p2                               | -   |        | add_ln2819_13 | add  | fabric  | 0       |
|    add_ln2819_14_fu_3501_p2                               | -   |        | add_ln2819_14 | add  | fabric  | 0       |
|    add_ln2819_15_fu_3510_p2                               | -   |        | add_ln2819_15 | add  | fabric  | 0       |
|    add_ln2819_16_fu_3519_p2                               | -   |        | add_ln2819_16 | add  | fabric  | 0       |
|    add_ln2819_17_fu_3528_p2                               | -   |        | add_ln2819_17 | add  | fabric  | 0       |
|    add_ln2819_18_fu_3830_p2                               | -   |        | add_ln2819_18 | add  | fabric  | 0       |
|    add_ln2819_19_fu_3840_p2                               | -   |        | add_ln2819_19 | add  | fabric  | 0       |
|    add_ln2819_20_fu_3850_p2                               | -   |        | add_ln2819_20 | add  | fabric  | 0       |
|    add_ln2819_21_fu_3860_p2                               | -   |        | add_ln2819_21 | add  | fabric  | 0       |
|    add_ln2819_22_fu_3870_p2                               | -   |        | add_ln2819_22 | add  | fabric  | 0       |
|    add_ln2819_23_fu_3880_p2                               | -   |        | add_ln2819_23 | add  | fabric  | 0       |
|    add_ln2819_24_fu_3890_p2                               | -   |        | add_ln2819_24 | add  | fabric  | 0       |
|    add_ln2819_25_fu_3900_p2                               | -   |        | add_ln2819_25 | add  | fabric  | 0       |
|    add_ln2819_26_fu_3910_p2                               | -   |        | add_ln2819_26 | add  | fabric  | 0       |
|    add_ln2819_27_fu_3920_p2                               | -   |        | add_ln2819_27 | add  | fabric  | 0       |
|    add_ln2819_28_fu_3930_p2                               | -   |        | add_ln2819_28 | add  | fabric  | 0       |
|    add_ln2819_29_fu_3940_p2                               | -   |        | add_ln2819_29 | add  | fabric  | 0       |
|    add_ln2819_30_fu_3950_p2                               | -   |        | add_ln2819_30 | add  | fabric  | 0       |
|    add_ln2819_31_fu_3959_p2                               | -   |        | add_ln2819_31 | add  | fabric  | 0       |
|    add_ln2819_32_fu_3968_p2                               | -   |        | add_ln2819_32 | add  | fabric  | 0       |
|    add_ln2819_33_fu_3977_p2                               | -   |        | add_ln2819_33 | add  | fabric  | 0       |
|    add_ln2819_34_fu_3986_p2                               | -   |        | add_ln2819_34 | add  | fabric  | 0       |
|    add_ln2819_35_fu_3995_p2                               | -   |        | add_ln2819_35 | add  | fabric  | 0       |
|    add_ln2827_fu_2744_p2                                  | -   |        | add_ln2827    | add  | fabric  | 0       |
|    add_ln2795_fu_3537_p2                                  | -   |        | add_ln2795    | add  | fabric  | 0       |
|  + cnn_top_Pipeline_VITIS_LOOP_2872_14                    | 0   |        |               |      |         |         |
|    i_3_fu_91_p2                                           | -   |        | i_3           | add  | fabric  | 0       |
|  + maxpool2d                                              | 0   |        |               |      |         |         |
|    empty_39_fu_247_p2                                     | -   |        | empty_39      | sub  | fabric  | 0       |
|    empty_40_fu_265_p2                                     | -   |        | empty_40      | sub  | fabric  | 0       |
|    empty_41_fu_289_p2                                     | -   |        | empty_41      | add  | fabric  | 0       |
|    empty_43_fu_311_p2                                     | -   |        | empty_43      | sub  | fabric  | 0       |
|    empty_44_fu_317_p2                                     | -   |        | empty_44      | add  | fabric  | 0       |
|    empty_46_fu_616_p2                                     | -   |        | empty_46      | sub  | fabric  | 0       |
|    empty_49_fu_651_p2                                     | -   |        | empty_49      | sub  | fabric  | 0       |
|    add_ln2848_2_fu_333_p2                                 | -   |        | add_ln2848_2  | add  | fabric  | 0       |
|    add_ln2848_fu_345_p2                                   | -   |        | add_ln2848    | add  | fabric  | 0       |
|    p_mid129_fu_395_p2                                     | -   |        | p_mid129      | sub  | fabric  | 0       |
|    p_mid131_fu_421_p2                                     | -   |        | p_mid131      | sub  | fabric  | 0       |
|    p_mid145_fu_451_p2                                     | -   |        | p_mid145      | sub  | fabric  | 0       |
|    p_mid159_fu_680_p2                                     | -   |        | p_mid159      | sub  | fabric  | 0       |
|    p_mid173_fu_722_p2                                     | -   |        | p_mid173      | sub  | fabric  | 0       |
|    add_ln2850_fu_487_p2                                   | -   |        | add_ln2850    | add  | fabric  | 0       |
|    p_mid18_fu_525_p2                                      | -   |        | p_mid18       | add  | fabric  | 0       |
|    p_mid110_fu_745_p2                                     | -   |        | p_mid110      | sub  | fabric  | 0       |
|    p_mid112_fu_535_p2                                     | -   |        | p_mid112      | add  | fabric  | 0       |
|    p_mid114_fu_776_p2                                     | -   |        | p_mid114      | sub  | fabric  | 0       |
|    p_mid118_fu_818_p2                                     | -   |        | p_mid118      | sub  | fabric  | 0       |
|    add_ln2860_fu_834_p2                                   | -   |        | add_ln2860    | add  | fabric  | 0       |
|    add_ln2860_2_fu_856_p2                                 | -   |        | add_ln2860_2  | add  | fabric  | 0       |
|    add_ln2864_fu_891_p2                                   | -   |        | add_ln2864    | add  | fabric  | 0       |
|    add_ln2852_fu_553_p2                                   | -   |        | add_ln2852    | add  | fabric  | 0       |
|    add_ln2850_2_fu_559_p2                                 | -   |        | add_ln2850_2  | add  | fabric  | 0       |
|  + cnn_top_Pipeline_VITIS_LOOP_2835_1_VITIS_LOOP_2838_2   | 1   |        |               |      |         |         |
|    add_ln2835_fu_161_p2                                   | -   |        | add_ln2835    | add  | fabric  | 0       |
|    i_fu_173_p2                                            | -   |        | i             | add  | fabric  | 0       |
|    mac_muladd_6ns_9ns_9ns_14_4_1_U74                      | 1   |        | mul_ln2835    | mul  | dsp48   | 3       |
|    mac_muladd_6ns_9ns_9ns_14_4_1_U74                      | 1   |        | add_ln2840    | add  | dsp48   | 3       |
|    j_1_fu_217_p2                                          | -   |        | j_1           | add  | fabric  | 0       |
|  + cnn_top_Pipeline_VITIS_LOOP_2872_15                    | 0   |        |               |      |         |         |
|    i_2_fu_91_p2                                           | -   |        | i_2           | add  | fabric  | 0       |
|  + cnn_top_Pipeline_VITIS_LOOP_2835_1                     | 100 |        |               |      |         |         |
|    i_7_fu_1054_p2                                         | -   |        | i_7           | add  | fabric  | 0       |
|    fmul_32ns_32ns_32_4_max_dsp_1_U118                     | 3   |        | mul6_i1_2     | fmul | maxdsp  | 3       |
|    fmul_32ns_32ns_32_4_max_dsp_1_U119                     | 3   |        | mul6_i1_3     | fmul | maxdsp  | 3       |
|    fmul_32ns_32ns_32_4_max_dsp_1_U120                     | 3   |        | mul6_i1_4     | fmul | maxdsp  | 3       |
|    fmul_32ns_32ns_32_4_max_dsp_1_U121                     | 3   |        | mul6_i1_5     | fmul | maxdsp  | 3       |
|    fmul_32ns_32ns_32_4_max_dsp_1_U122                     | 3   |        | mul6_i1_6     | fmul | maxdsp  | 3       |
|    fmul_32ns_32ns_32_4_max_dsp_1_U123                     | 3   |        | mul6_i1_7     | fmul | maxdsp  | 3       |
|    fmul_32ns_32ns_32_4_max_dsp_1_U124                     | 3   |        | mul6_i1_8     | fmul | maxdsp  | 3       |
|    fmul_32ns_32ns_32_4_max_dsp_1_U125                     | 3   |        | mul6_i1_9     | fmul | maxdsp  | 3       |
|    fmul_32ns_32ns_32_4_max_dsp_1_U126                     | 3   |        | mul6_i1_s     | fmul | maxdsp  | 3       |
|    fmul_32ns_32ns_32_4_max_dsp_1_U127                     | 3   |        | mul6_i1_10    | fmul | maxdsp  | 3       |
|    fmul_32ns_32ns_32_4_max_dsp_1_U128                     | 3   |        | mul6_i1_11    | fmul | maxdsp  | 3       |
|    fmul_32ns_32ns_32_4_max_dsp_1_U129                     | 3   |        | mul6_i1_12    | fmul | maxdsp  | 3       |
|    fadd_32ns_32ns_32_5_full_dsp_1_U96                     | 2   |        | sum_12_12     | fadd | fulldsp | 4       |
|    fmul_32ns_32ns_32_4_max_dsp_1_U130                     | 3   |        | mul6_i1_13    | fmul | maxdsp  | 3       |
|    fadd_32ns_32ns_32_5_full_dsp_1_U97                     | 2   |        | sum_12_13     | fadd | fulldsp | 4       |
|    fmul_32ns_32ns_32_4_max_dsp_1_U131                     | 3   |        | mul6_i1_14    | fmul | maxdsp  | 3       |
|    fadd_32ns_32ns_32_5_full_dsp_1_U98                     | 2   |        | sum_12_14     | fadd | fulldsp | 4       |
|    fmul_32ns_32ns_32_4_max_dsp_1_U132                     | 3   |        | mul6_i1_15    | fmul | maxdsp  | 3       |
|    fadd_32ns_32ns_32_5_full_dsp_1_U99                     | 2   |        | sum_12_15     | fadd | fulldsp | 4       |
|    fmul_32ns_32ns_32_4_max_dsp_1_U133                     | 3   |        | mul6_i1_16    | fmul | maxdsp  | 3       |
|    fadd_32ns_32ns_32_5_full_dsp_1_U100                    | 2   |        | sum_12_16     | fadd | fulldsp | 4       |
|    fmul_32ns_32ns_32_4_max_dsp_1_U134                     | 3   |        | mul6_i1_17    | fmul | maxdsp  | 3       |
|    fadd_32ns_32ns_32_5_full_dsp_1_U101                    | 2   |        | sum_12_17     | fadd | fulldsp | 4       |
|    fmul_32ns_32ns_32_4_max_dsp_1_U135                     | 3   |        | mul6_i1_18    | fmul | maxdsp  | 3       |
|    fadd_32ns_32ns_32_5_full_dsp_1_U102                    | 2   |        | sum_12_18     | fadd | fulldsp | 4       |
|    fmul_32ns_32ns_32_4_max_dsp_1_U136                     | 3   |        | mul6_i1_19    | fmul | maxdsp  | 3       |
|    fadd_32ns_32ns_32_5_full_dsp_1_U103                    | 2   |        | sum_12_19     | fadd | fulldsp | 4       |
|    fmul_32ns_32ns_32_4_max_dsp_1_U137                     | 3   |        | mul6_i1_20    | fmul | maxdsp  | 3       |
|    fadd_32ns_32ns_32_5_full_dsp_1_U104                    | 2   |        | sum_12_20     | fadd | fulldsp | 4       |
|    fadd_32ns_32ns_32_5_full_dsp_1_U105                    | 2   |        | sum_12_21     | fadd | fulldsp | 4       |
|    fadd_32ns_32ns_32_5_full_dsp_1_U106                    | 2   |        | sum_12_22     | fadd | fulldsp | 4       |
|    fadd_32ns_32ns_32_5_full_dsp_1_U107                    | 2   |        | sum_12_23     | fadd | fulldsp | 4       |
|    fadd_32ns_32ns_32_5_full_dsp_1_U108                    | 2   |        | sum_12_24     | fadd | fulldsp | 4       |
|    fadd_32ns_32ns_32_5_full_dsp_1_U109                    | 2   |        | sum_12_25     | fadd | fulldsp | 4       |
|    fadd_32ns_32ns_32_5_full_dsp_1_U110                    | 2   |        | sum_12_26     | fadd | fulldsp | 4       |
|    fadd_32ns_32ns_32_5_full_dsp_1_U111                    | 2   |        | sum_12_27     | fadd | fulldsp | 4       |
|    fadd_32ns_32ns_32_5_full_dsp_1_U112                    | 2   |        | sum_12_28     | fadd | fulldsp | 4       |
|    fadd_32ns_32ns_32_5_full_dsp_1_U113                    | 2   |        | sum_12_29     | fadd | fulldsp | 4       |
|    fadd_32ns_32ns_32_5_full_dsp_1_U114                    | 2   |        | sum_12_30     | fadd | fulldsp | 4       |
|    fadd_32ns_32ns_32_5_full_dsp_1_U115                    | 2   |        | add9_i1       | fadd | fulldsp | 4       |
+-----------------------------------------------------------+-----+--------+---------------+------+---------+---------+


================================================================
== Bind Storage Report
================================================================
+---------------------------------------------------------+------+------+--------+------------+---------+------+---------+
| Name                                                    | BRAM | URAM | Pragma | Variable   | Storage | Impl | Latency |
+---------------------------------------------------------+------+------+--------+------------+---------+------+---------+
| + cnn_top                                               | 161  | 0    |        |            |         |      |         |
|   vla1_i_U                                              | 8    | -    |        | vla1_i     | ram_1p  | auto | 1       |
|   vla42_i_U                                             | 8    | -    |        | vla42_i    | rom_np  | auto | 1       |
|   vla73_i_U                                             | 2    | -    |        | vla73_i    | rom_np  | auto | 1       |
|   vla104_i_U                                            | 4    | -    |        | vla104_i   | ram_1p  | auto | 1       |
|   vla135_i_U                                            | 4    | -    |        | vla135_i   | rom_np  | auto | 1       |
|   vla166_i_U                                            | 2    | -    |        | vla166_i   | ram_1p  | auto | 1       |
|   x_assign_U                                            | 2    | -    |        | x_assign   | ram_1p  | auto | 1       |
|   x_assign_2_U                                          | 2    | -    |        | x_assign_2 | ram_s2p | auto | 1       |
|  + conv2d_1                                             | 10   | 0    |        |            |         |      |         |
|    weight0_0_U                                          | 10   | -    |        | weight0_0  | rom_np  | auto | 1       |
|  + conv2d                                               | 12   | 0    |        |            |         |      |         |
|    bias1_U                                              | -    | -    |        | bias1      | rom_1p  | auto | 1       |
|    weight1_U                                            | 12   | -    |        | weight1    | rom_np  | auto | 1       |
|  + cnn_top_Pipeline_VITIS_LOOP_2835_1_VITIS_LOOP_2838_2 | 33   | 0    |        |            |         |      |         |
|    weight2_U                                            | 32   | -    |        | weight2    | rom_1p  | auto | 1       |
|    bias2_U                                              | 1    | -    |        | bias2      | rom_1p  | auto | 1       |
|  + cnn_top_Pipeline_VITIS_LOOP_2835_1                   | 32   | 0    |        |            |         |      |         |
|    weight3_U                                            | 32   | -    |        | weight3    | rom_np  | auto | 1       |
|    bias3_U                                              | -    | -    |        | bias3      | rom_1p  | auto | 1       |
+---------------------------------------------------------+------+------+--------+------------+---------+------+---------+


================================================================
== Pragma Report
================================================================
* Valid Pragma Syntax
+--------+---------+----------------------------------+
| Type   | Options | Location                         |
+--------+---------+----------------------------------+
| inline |         | cnnlite_ip/src/cnn.c:2880 in cnn |
+--------+---------+----------------------------------+


