21:13:54 **** Build of configuration Debug for project muladd_test ****
make all 
make --no-print-directory pre-build
a9-linaro-pre-build-step
 
make --no-print-directory main-build
Building file: ../src/muladd_test.c
Invoking: ARM v7 gcc compiler
arm-none-eabi-gcc -Wall -O0 -g3 -c -fmessage-length=0 -MT"src/muladd_test.o" -mcpu=cortex-a9 -mfpu=vfpv3 -mfloat-abi=hard -I/home/reon/work/xilinx/muladd_sdk/design_1_wrapper/export/design_1_wrapper/sw/design_1_wrapper/standalone_ps7_cortexa9_0/bspinclude/include -MMD -MP -MF"src/muladd_test.d" -MT"src/muladd_test.o" -o "src/muladd_test.o" "../src/muladd_test.c"
../src/muladd_test.c: In function 'main':
../src/muladd_test.c:27:27: warning: format '%x' expects argument of type 'unsigned int', but argument 3 has type 'u32' {aka 'long unsigned int'} [-Wformat=]
   27 |         printf("a[%2d]=%04x b[%2d]=%04x temp=%08x\n", i, a[i], i, b[i], temp);
      |                        ~~~^                              ~~~~
      |                           |                               |
      |                           unsigned int                    u32 {aka long unsigned int}
      |                        %04lx
../src/muladd_test.c:27:39: warning: format '%x' expects argument of type 'unsigned int', but argument 5 has type 'u32' {aka 'long unsigned int'} [-Wformat=]
   27 |         printf("a[%2d]=%04x b[%2d]=%04x temp=%08x\n", i, a[i], i, b[i], temp);
      |                                    ~~~^                           ~~~~
      |                                       |                            |
      |                                       unsigned int                 u32 {aka long unsigned int}
      |                                    %04lx
../src/muladd_test.c:27:49: warning: format '%x' expects argument of type 'unsigned int', but argument 6 has type 'u32' {aka 'long unsigned int'} [-Wformat=]
   27 |         printf("a[%2d]=%04x b[%2d]=%04x temp=%08x\n", i, a[i], i, b[i], temp);
      |                                              ~~~^                       ~~~~
      |                                                 |                       |
      |                                                 unsigned int            u32 {aka long unsigned int}
      |                                              %08lx
Finished building: ../src/muladd_test.c
 
Building target: muladd_test.elf
Invoking: ARM v7 gcc linker
arm-none-eabi-gcc -mcpu=cortex-a9 -mfpu=vfpv3 -mfloat-abi=hard -Wl,-build-id=none -specs=Xilinx.spec -Wl,-T -Wl,../src/lscript.ld -L/home/reon/work/xilinx/muladd_sdk/design_1_wrapper/export/design_1_wrapper/sw/design_1_wrapper/standalone_ps7_cortexa9_0/bsplib/lib -o "muladd_test.elf" ./src/muladd_test.o   -Wl,--start-group,-lxil,-lgcc,-lc,--end-group
Finished building target: muladd_test.elf
 
Invoking: ARM v7 Print Size
arm-none-eabi-size muladd_test.elf  |tee "muladd_test.elf.size"
   text	   data	    bss	    dec	    hex	filename
  57147	   2564	  22664	  82375	  141c7	muladd_test.elf
Finished building: muladd_test.elf.size
 

21:13:54 Build Finished (took 715ms)

